Ed-Fi-Extensions/Extensions/EdFi.Ods.Extensions.Homograph/Versions/1.0.0/Standard/4.0.0/Authorization/EntityAuthorizationContextProviders.generated.cs
Ed-Fi-Extensions/Extensions/EdFi.Ods.Extensions.Homograph/Versions/1.0.0/Standard/4.0.0/Controllers/Controllers.generated.cs
Ed-Fi-Extensions/Extensions/EdFi.Ods.Extensions.Homograph/Versions/1.0.0/Standard/4.0.0/EntityOrmMappings/MsSql/EntityOrmMappings.generated.hbm.xml
Ed-Fi-Extensions/Extensions/EdFi.Ods.Extensions.Homograph/Versions/1.0.0/Standard/4.0.0/EntityOrmMappings/PgSql/EntityOrmMappings.generated.hbm.xml
Ed-Fi-Extensions/Extensions/EdFi.Ods.Extensions.Homograph/Versions/1.0.0/Standard/4.0.0/ExceptionHandling/DatabaseMetadata.generated.cs
Ed-Fi-Extensions/Extensions/EdFi.Ods.Extensions.Homograph/Versions/1.0.0/Standard/4.0.0/Models/Entities/Entities.generated.cs
Ed-Fi-Extensions/Extensions/EdFi.Ods.Extensions.Homograph/Versions/1.0.0/Standard/4.0.0/Models/Interfaces/EntityInterfaces.generated.cs
Ed-Fi-Extensions/Extensions/EdFi.Ods.Extensions.Homograph/Versions/1.0.0/Standard/4.0.0/Models/Mappers/EntityMapper.generated.cs
Ed-Fi-Extensions/Extensions/EdFi.Ods.Extensions.Homograph/Versions/1.0.0/Standard/4.0.0/Pipelines/CreateOrUpdatePipelines.generated.cs
Ed-Fi-Extensions/Extensions/EdFi.Ods.Extensions.Homograph/Versions/1.0.0/Standard/4.0.0/Requests/Requests.generated.cs
Ed-Fi-Extensions/Extensions/EdFi.Ods.Extensions.Homograph/Versions/1.0.0/Standard/4.0.0/Resources/Resources.generated.cs
Ed-Fi-Extensions/Extensions/EdFi.Ods.Extensions.Sample/Versions/1.0.0/Standard/4.0.0/Authorization/EntityAuthorizationContextProviders.generated.cs
Ed-Fi-Extensions/Extensions/EdFi.Ods.Extensions.Sample/Versions/1.0.0/Standard/4.0.0/Controllers/Controllers.generated.cs
Ed-Fi-Extensions/Extensions/EdFi.Ods.Extensions.Sample/Versions/1.0.0/Standard/4.0.0/EntityOrmMappings/MsSql/EntityOrmMappings.generated.hbm.xml
Ed-Fi-Extensions/Extensions/EdFi.Ods.Extensions.Sample/Versions/1.0.0/Standard/4.0.0/EntityOrmMappings/PgSql/EntityOrmMappings.generated.hbm.xml
Ed-Fi-Extensions/Extensions/EdFi.Ods.Extensions.Sample/Versions/1.0.0/Standard/4.0.0/ExceptionHandling/DatabaseMetadata.generated.cs
Ed-Fi-Extensions/Extensions/EdFi.Ods.Extensions.Sample/Versions/1.0.0/Standard/4.0.0/Models/Entities/Entities.generated.cs
Ed-Fi-Extensions/Extensions/EdFi.Ods.Extensions.Sample/Versions/1.0.0/Standard/4.0.0/Models/Interfaces/EntityInterfaces.generated.cs
Ed-Fi-Extensions/Extensions/EdFi.Ods.Extensions.Sample/Versions/1.0.0/Standard/4.0.0/Models/Mappers/EntityMapper.generated.cs
Ed-Fi-Extensions/Extensions/EdFi.Ods.Extensions.Sample/Versions/1.0.0/Standard/4.0.0/Pipelines/CreateOrUpdatePipelines.generated.cs
Ed-Fi-Extensions/Extensions/EdFi.Ods.Extensions.Sample/Versions/1.0.0/Standard/4.0.0/Requests/Requests.generated.cs
Ed-Fi-Extensions/Extensions/EdFi.Ods.Extensions.Sample/Versions/1.0.0/Standard/4.0.0/Resources/Resources.generated.cs
Ed-Fi-Extensions/Extensions/EdFi.Ods.Extensions.SampleStudentTranscript/Versions/1.0.0/Standard/4.0.0/Authorization/EntityAuthorizationContextProviders.generated.cs
Ed-Fi-Extensions/Extensions/EdFi.Ods.Extensions.SampleStudentTranscript/Versions/1.0.0/Standard/4.0.0/Controllers/Controllers.generated.cs
Ed-Fi-Extensions/Extensions/EdFi.Ods.Extensions.SampleStudentTranscript/Versions/1.0.0/Standard/4.0.0/EntityOrmMappings/MsSql/EntityOrmMappings.generated.hbm.xml
Ed-Fi-Extensions/Extensions/EdFi.Ods.Extensions.SampleStudentTranscript/Versions/1.0.0/Standard/4.0.0/EntityOrmMappings/PgSql/EntityOrmMappings.generated.hbm.xml
Ed-Fi-Extensions/Extensions/EdFi.Ods.Extensions.SampleStudentTranscript/Versions/1.0.0/Standard/4.0.0/ExceptionHandling/DatabaseMetadata.generated.cs
Ed-Fi-Extensions/Extensions/EdFi.Ods.Extensions.SampleStudentTranscript/Versions/1.0.0/Standard/4.0.0/Models/Entities/Entities.generated.cs
Ed-Fi-Extensions/Extensions/EdFi.Ods.Extensions.SampleStudentTranscript/Versions/1.0.0/Standard/4.0.0/Models/Interfaces/EntityInterfaces.generated.cs
Ed-Fi-Extensions/Extensions/EdFi.Ods.Extensions.SampleStudentTranscript/Versions/1.0.0/Standard/4.0.0/Models/Mappers/EntityMapper.generated.cs
Ed-Fi-Extensions/Extensions/EdFi.Ods.Extensions.SampleStudentTranscript/Versions/1.0.0/Standard/4.0.0/Pipelines/CreateOrUpdatePipelines.generated.cs
Ed-Fi-Extensions/Extensions/EdFi.Ods.Extensions.SampleStudentTranscript/Versions/1.0.0/Standard/4.0.0/Requests/Requests.generated.cs
Ed-Fi-Extensions/Extensions/EdFi.Ods.Extensions.SampleStudentTranscript/Versions/1.0.0/Standard/4.0.0/Resources/Resources.generated.cs
Ed-Fi-Extensions/Extensions/EdFi.Ods.Extensions.SampleStudentTransportation/Versions/1.0.0/Standard/4.0.0/Authorization/EntityAuthorizationContextProviders.generated.cs
Ed-Fi-Extensions/Extensions/EdFi.Ods.Extensions.SampleStudentTransportation/Versions/1.0.0/Standard/4.0.0/Controllers/Controllers.generated.cs
Ed-Fi-Extensions/Extensions/EdFi.Ods.Extensions.SampleStudentTransportation/Versions/1.0.0/Standard/4.0.0/EntityOrmMappings/MsSql/EntityOrmMappings.generated.hbm.xml
Ed-Fi-Extensions/Extensions/EdFi.Ods.Extensions.SampleStudentTransportation/Versions/1.0.0/Standard/4.0.0/EntityOrmMappings/PgSql/EntityOrmMappings.generated.hbm.xml
Ed-Fi-Extensions/Extensions/EdFi.Ods.Extensions.SampleStudentTransportation/Versions/1.0.0/Standard/4.0.0/ExceptionHandling/DatabaseMetadata.generated.cs
Ed-Fi-Extensions/Extensions/EdFi.Ods.Extensions.SampleStudentTransportation/Versions/1.0.0/Standard/4.0.0/Models/Entities/Entities.generated.cs
Ed-Fi-Extensions/Extensions/EdFi.Ods.Extensions.SampleStudentTransportation/Versions/1.0.0/Standard/4.0.0/Models/Interfaces/EntityInterfaces.generated.cs
Ed-Fi-Extensions/Extensions/EdFi.Ods.Extensions.SampleStudentTransportation/Versions/1.0.0/Standard/4.0.0/Models/Mappers/EntityMapper.generated.cs
Ed-Fi-Extensions/Extensions/EdFi.Ods.Extensions.SampleStudentTransportation/Versions/1.0.0/Standard/4.0.0/Pipelines/CreateOrUpdatePipelines.generated.cs
Ed-Fi-Extensions/Extensions/EdFi.Ods.Extensions.SampleStudentTransportation/Versions/1.0.0/Standard/4.0.0/Requests/Requests.generated.cs
Ed-Fi-Extensions/Extensions/EdFi.Ods.Extensions.SampleStudentTransportation/Versions/1.0.0/Standard/4.0.0/Resources/Resources.generated.cs
Ed-Fi-Extensions/Extensions/EdFi.Ods.Extensions.TPDM/Versions/1.1.0/Standard/4.0.0/Authorization/EntityAuthorizationContextProviders.generated.cs
Ed-Fi-Extensions/Extensions/EdFi.Ods.Extensions.TPDM/Versions/1.1.0/Standard/4.0.0/Controllers/Controllers.generated.cs
Ed-Fi-Extensions/Extensions/EdFi.Ods.Extensions.TPDM/Versions/1.1.0/Standard/4.0.0/EntityOrmMappings/MsSql/EntityOrmMappings.generated.hbm.xml
Ed-Fi-Extensions/Extensions/EdFi.Ods.Extensions.TPDM/Versions/1.1.0/Standard/4.0.0/EntityOrmMappings/PgSql/EntityOrmMappings.generated.hbm.xml
Ed-Fi-Extensions/Extensions/EdFi.Ods.Extensions.TPDM/Versions/1.1.0/Standard/4.0.0/ExceptionHandling/DatabaseMetadata.generated.cs
Ed-Fi-Extensions/Extensions/EdFi.Ods.Extensions.TPDM/Versions/1.1.0/Standard/4.0.0/Models/Entities/Entities.generated.cs
Ed-Fi-Extensions/Extensions/EdFi.Ods.Extensions.TPDM/Versions/1.1.0/Standard/4.0.0/Models/Interfaces/EntityInterfaces.generated.cs
Ed-Fi-Extensions/Extensions/EdFi.Ods.Extensions.TPDM/Versions/1.1.0/Standard/4.0.0/Models/Mappers/EntityMapper.generated.cs
Ed-Fi-Extensions/Extensions/EdFi.Ods.Extensions.TPDM/Versions/1.1.0/Standard/4.0.0/Pipelines/CreateOrUpdatePipelines.generated.cs
Ed-Fi-Extensions/Extensions/EdFi.Ods.Extensions.TPDM/Versions/1.1.0/Standard/4.0.0/Requests/Requests.generated.cs
Ed-Fi-Extensions/Extensions/EdFi.Ods.Extensions.TPDM/Versions/1.1.0/Standard/4.0.0/Resources/Resources.generated.cs
Ed-Fi-ODS/Application/EdFi.Ods.Standard/Standard/4.0.0/Controllers/Controllers.generated.cs
Ed-Fi-ODS/Application/EdFi.Ods.Standard/Standard/4.0.0/EntityOrmMappings/MsSql/EntityOrmMappings.generated.hbm.xml
Ed-Fi-ODS/Application/EdFi.Ods.Standard/Standard/4.0.0/EntityOrmMappings/MsSql/EntityOrmMappingsForQueries.generated.hbm.xml
Ed-Fi-ODS/Application/EdFi.Ods.Standard/Standard/4.0.0/EntityOrmMappings/MsSql/EntityOrmMappingsForViews.generated.hbm.xml
Ed-Fi-ODS/Application/EdFi.Ods.Standard/Standard/4.0.0/EntityOrmMappings/PgSql/EntityOrmMappings.generated.hbm.xml
Ed-Fi-ODS/Application/EdFi.Ods.Standard/Standard/4.0.0/EntityOrmMappings/PgSql/EntityOrmMappingsForQueries.generated.hbm.xml
Ed-Fi-ODS/Application/EdFi.Ods.Standard/Standard/4.0.0/EntityOrmMappings/PgSql/EntityOrmMappingsForViews.generated.hbm.xml
Ed-Fi-ODS/Application/EdFi.Ods.Standard/Standard/4.0.0/ExceptionHandling/DatabaseMetadata.generated.cs
Ed-Fi-ODS/Application/EdFi.Ods.Standard/Standard/4.0.0/Models/Entities/Entities.generated.cs
Ed-Fi-ODS/Application/EdFi.Ods.Standard/Standard/4.0.0/Models/Entities/EntitiesForQueries.generated.cs
Ed-Fi-ODS/Application/EdFi.Ods.Standard/Standard/4.0.0/Models/Entities/EntitiesForQueriesViews.generated.cs
Ed-Fi-ODS/Application/EdFi.Ods.Standard/Standard/4.0.0/Models/Interfaces/EntityInterfaces.generated.cs
Ed-Fi-ODS/Application/EdFi.Ods.Standard/Standard/4.0.0/Models/Mappers/EntityMapper.generated.cs
Ed-Fi-ODS/Application/EdFi.Ods.Standard/Standard/4.0.0/Pipelines/CreateOrUpdatePipelines.generated.cs
Ed-Fi-ODS/Application/EdFi.Ods.Standard/Standard/4.0.0/Requests/Requests.generated.cs
Ed-Fi-ODS/Application/EdFi.Ods.Standard/Standard/4.0.0/Resources/Resources.generated.cs
Ed-Fi-ODS/Application/EdFi.Ods.Standard/Standard/4.0.0/Security/Authorization/EntityAuthorizationContextProviders.generated.cs
