<hibernate-mapping xmlns="urn:nhibernate-mapping-2.2" assembly="EdFi.Ods.Standard" namespace="EdFi.Ods.Entities.NHibernate.QueryModels.Views" default-access="property" auto-import="false">


  <!-- Class definition -->
  <class name="EdFi.Ods.Entities.NHibernate.QueryModels.Views.auth_EducationOrganizationIdToContactUSI" table="EducationOrganizationIdToContactUSI" lazy="false" schema="auth">
    <!-- Composite primary key -->
    <composite-id>
      <key-property name="ContactUSI" column="ContactUSI" type="int" />
      <key-property name="Ignored" column="Ignored" type="long" />
      <key-property name="SourceEducationOrganizationId" column="SourceEducationOrganizationId" type="int" />
    </composite-id>
    <!-- Transient state detection -->
    <property name="CreateDate" column="CreateDate" type="UtcDateTime" not-null="true" />


    <!-- Properties -->
    <property name="ContactUSI" column="ContactUSI" type="int" not-null="true" insert="false" update="false" />
    <property name="Ignored" column="Ignored" type="long" insert="false" update="false" />
    <property name="SourceEducationOrganizationId" column="SourceEducationOrganizationId" type="int" not-null="true" insert="false" update="false" />

    <!-- Aggregate references -->

    <!-- Back references -->

    <!-- Collections -->
</class>



  <!-- Class definition -->
  <class name="EdFi.Ods.Entities.NHibernate.QueryModels.Views.auth_EducationOrganizationIdToContactUSIIncludingDeletes" table="EducationOrganizationIdToContactUSIIncludingDeletes" lazy="false" schema="auth">
    <!-- Composite primary key -->
    <composite-id>
      <key-property name="ContactUSI" column="ContactUSI" type="int" />
      <key-property name="SourceEducationOrganizationId" column="SourceEducationOrganizationId" type="int" />
    </composite-id>
    <!-- Transient state detection -->
    <property name="CreateDate" column="CreateDate" type="UtcDateTime" not-null="true" />


    <!-- Properties -->
    <property name="ContactUSI" column="ContactUSI" type="int" not-null="true" insert="false" update="false" />
    <property name="SourceEducationOrganizationId" column="SourceEducationOrganizationId" type="int" not-null="true" insert="false" update="false" />

    <!-- Aggregate references -->

    <!-- Back references -->

    <!-- Collections -->
</class>



  <!-- Class definition -->
  <class name="EdFi.Ods.Entities.NHibernate.QueryModels.Views.auth_EducationOrganizationIdToStaffUSI" table="EducationOrganizationIdToStaffUSI" lazy="false" schema="auth">
    <!-- Composite primary key -->
    <composite-id>
      <key-property name="SourceEducationOrganizationId" column="SourceEducationOrganizationId" type="int" />
      <key-property name="StaffUSI" column="StaffUSI" type="int" />
    </composite-id>
    <!-- Transient state detection -->
    <property name="CreateDate" column="CreateDate" type="UtcDateTime" not-null="true" />


    <!-- Properties -->
    <property name="SourceEducationOrganizationId" column="SourceEducationOrganizationId" type="int" not-null="true" insert="false" update="false" />
    <property name="StaffUSI" column="StaffUSI" type="int" not-null="true" insert="false" update="false" />

    <!-- Aggregate references -->

    <!-- Back references -->

    <!-- Collections -->
</class>



  <!-- Class definition -->
  <class name="EdFi.Ods.Entities.NHibernate.QueryModels.Views.auth_EducationOrganizationIdToStaffUSIIncludingDeletes" table="EducationOrganizationIdToStaffUSIIncludingDeletes" lazy="false" schema="auth">
    <!-- Composite primary key -->
    <composite-id>
      <key-property name="SourceEducationOrganizationId" column="SourceEducationOrganizationId" type="int" />
      <key-property name="StaffUSI" column="StaffUSI" type="int" />
    </composite-id>
    <!-- Transient state detection -->
    <property name="CreateDate" column="CreateDate" type="UtcDateTime" not-null="true" />


    <!-- Properties -->
    <property name="SourceEducationOrganizationId" column="SourceEducationOrganizationId" type="int" not-null="true" insert="false" update="false" />
    <property name="StaffUSI" column="StaffUSI" type="int" not-null="true" insert="false" update="false" />

    <!-- Aggregate references -->

    <!-- Back references -->

    <!-- Collections -->
</class>



  <!-- Class definition -->
  <class name="EdFi.Ods.Entities.NHibernate.QueryModels.Views.auth_EducationOrganizationIdToStudentUSI" table="EducationOrganizationIdToStudentUSI" lazy="false" schema="auth">
    <!-- Composite primary key -->
    <composite-id>
      <key-property name="Ignored" column="Ignored" type="long" />
      <key-property name="SourceEducationOrganizationId" column="SourceEducationOrganizationId" type="int" />
      <key-property name="StudentUSI" column="StudentUSI" type="int" />
    </composite-id>
    <!-- Transient state detection -->
    <property name="CreateDate" column="CreateDate" type="UtcDateTime" not-null="true" />


    <!-- Properties -->
    <property name="Ignored" column="Ignored" type="long" insert="false" update="false" />
    <property name="SourceEducationOrganizationId" column="SourceEducationOrganizationId" type="int" not-null="true" insert="false" update="false" />
    <property name="StudentUSI" column="StudentUSI" type="int" not-null="true" insert="false" update="false" />

    <!-- Aggregate references -->

    <!-- Back references -->

    <!-- Collections -->
</class>



  <!-- Class definition -->
  <class name="EdFi.Ods.Entities.NHibernate.QueryModels.Views.auth_EducationOrganizationIdToStudentUSIIncludingDeletes" table="EducationOrganizationIdToStudentUSIIncludingDeletes" lazy="false" schema="auth">
    <!-- Composite primary key -->
    <composite-id>
      <key-property name="SourceEducationOrganizationId" column="SourceEducationOrganizationId" type="int" />
      <key-property name="StudentUSI" column="StudentUSI" type="int" />
    </composite-id>
    <!-- Transient state detection -->
    <property name="CreateDate" column="CreateDate" type="UtcDateTime" not-null="true" />


    <!-- Properties -->
    <property name="SourceEducationOrganizationId" column="SourceEducationOrganizationId" type="int" not-null="true" insert="false" update="false" />
    <property name="StudentUSI" column="StudentUSI" type="int" not-null="true" insert="false" update="false" />

    <!-- Aggregate references -->

    <!-- Back references -->

    <!-- Collections -->
</class>



  <!-- Class definition -->
  <class name="EdFi.Ods.Entities.NHibernate.QueryModels.Views.auth_EducationOrganizationIdToStudentUSIThroughResponsibility" table="EducationOrganizationIdToStudentUSIThroughResponsibility" lazy="false" schema="auth">
    <!-- Composite primary key -->
    <composite-id>
      <key-property name="SourceEducationOrganizationId" column="SourceEducationOrganizationId" type="int" />
      <key-property name="StudentUSI" column="StudentUSI" type="int" />
    </composite-id>
    <!-- Transient state detection -->
    <property name="CreateDate" column="CreateDate" type="UtcDateTime" not-null="true" />


    <!-- Properties -->
    <property name="SourceEducationOrganizationId" column="SourceEducationOrganizationId" type="int" not-null="true" insert="false" update="false" />
    <property name="StudentUSI" column="StudentUSI" type="int" not-null="true" insert="false" update="false" />

    <!-- Aggregate references -->

    <!-- Back references -->

    <!-- Collections -->
</class>



  <!-- Class definition -->
  <class name="EdFi.Ods.Entities.NHibernate.QueryModels.Views.auth_EducationOrganizationIdToEducationOrganizationId" table="EducationOrganizationIdToEducationOrganizationId" lazy="false" schema="auth">
    <!-- Composite primary key -->
    <composite-id>
      <key-property name="SourceEducationOrganizationId" column="SourceEducationOrganizationId" type="int" />
      <key-property name="TargetEducationOrganizationId" column="TargetEducationOrganizationId" type="int" />
    </composite-id>
    <!-- Transient state detection -->
    <property name="CreateDate" column="CreateDate" type="UtcDateTime" not-null="true" />


    <!-- Properties -->
    <property name="SourceEducationOrganizationId" column="SourceEducationOrganizationId" type="int" not-null="true" insert="false" update="false" />
    <property name="TargetEducationOrganizationId" column="TargetEducationOrganizationId" type="int" not-null="true" insert="false" update="false" />

    <!-- Aggregate references -->

    <!-- Back references -->

    <!-- Collections -->
</class>


</hibernate-mapping>

