HQL:
select 
	comp_aaa.StudentUSI As __BaseEntityId__,
	comp_aaa.StudentUSI as PK1a_StudentUSI
from 
	EdFi.Ods.Entities.NHibernate.QueryModels.StudentAggregate.EdFi.StudentQ comp_aaa
where comp_aaa.Id = :Id AND (comp_aaa.StudentUSI IN (
                            SELECT fltr_aad.StudentUSI 
                            FROM EdFi.Ods.Entities.NHibernate.QueryModels.Views.auth_EducationOrganizationIdToStudentUSI fltr_aad 
                            WHERE fltr_aad.SourceEducationOrganizationId IN (:LocalEducationAgencyId)))
order by comp_aaa.StudentUSI
HQL:
select 
	comp_aaa.StudentUSI As __BaseEntityId__,
	comp_aaa.StudentUSI as PK1a_StudentUSI,
	comp_aab.EducationOrganizationId as PK2a_EducationOrganizationId,
	comp_aab.SchoolYear as PK2a_SchoolYear,
	comp_aab.TermDescriptorId as PK2a_TermDescriptorId,
	comp_aab.CumulativeEarnedCredits as cumulativeEarnedCredits,
	comp_aac.Namespace as termDescriptor__Namespace,
	comp_aac.CodeValue as termDescriptor
from 
	EdFi.Ods.Entities.NHibernate.QueryModels.StudentAggregate.EdFi.StudentQ comp_aaa
	join comp_aaa.StudentAcademicRecords comp_aab
		left join comp_aab.TermDescriptor comp_aac 
where comp_aaa.StudentUSI IN (:BaseEntityId) AND (comp_aab.EducationOrganizationId IN (
                        SELECT fltr_aax.TargetEducationOrganizationId 
                        FROM EdFi.Ods.Entities.NHibernate.QueryModels.Views.auth_EducationOrganizationIdToEducationOrganizationId fltr_aax 
                        WHERE fltr_aax.SourceEducationOrganizationId IN (:LocalEducationAgencyId))) AND (comp_aab.StudentUSI IN (
                            SELECT fltr_aad.StudentUSI 
                            FROM EdFi.Ods.Entities.NHibernate.QueryModels.Views.auth_EducationOrganizationIdToStudentUSI fltr_aad 
                            WHERE fltr_aad.SourceEducationOrganizationId IN (:LocalEducationAgencyId)))
order by comp_aaa.StudentUSI,
	comp_aab.EducationOrganizationId,
	comp_aab.SchoolYear,
	comp_aab.TermDescriptorId