HQL:
select 
	comp_aaa.StudentUSI As __BaseEntityId__,
	comp_aaa.StudentUSI as PK1a_StudentUSI
from 
	EdFi.Ods.Entities.NHibernate.QueryModels.StudentAggregate.EdFi.StudentQ comp_aaa
where comp_aaa.Id = :Id AND ( (comp_aaa.StudentUSI IN (
                    SELECT fltr_aac.StudentUSI 
                    FROM EdFi.Ods.Entities.NHibernate.QueryModels.Views.auth_EducationOrganizationIdToStudentUSI fltr_aac 
                    WHERE fltr_aac.SourceEducationOrganizationId IN (:ClaimEducationOrganizationIds))))
order by comp_aaa.StudentUSI
HQL:
select 
	comp_aaa.StudentUSI As __BaseEntityId__,
	comp_aaa.StudentUSI as PK1a_StudentUSI,
	comp_aab.EducationOrganizationId as PK2a_EducationOrganizationId
from 
	EdFi.Ods.Entities.NHibernate.QueryModels.StudentAggregate.EdFi.StudentQ comp_aaa
	join comp_aaa.StudentEducationOrganizationAssociations comp_aab
where comp_aaa.StudentUSI IN (:BaseEntityId) AND ( (comp_aab.EducationOrganizationId IN (
                    SELECT fltr_aaf.TargetEducationOrganizationId 
                    FROM EdFi.Ods.Entities.NHibernate.QueryModels.Views.auth_EducationOrganizationIdToEducationOrganizationId fltr_aaf 
                    WHERE fltr_aaf.SourceEducationOrganizationId IN (:ClaimEducationOrganizationIds))) AND (comp_aab.StudentUSI IN (
                    SELECT fltr_aac.StudentUSI 
                    FROM EdFi.Ods.Entities.NHibernate.QueryModels.Views.auth_EducationOrganizationIdToStudentUSI fltr_aac 
                    WHERE fltr_aac.SourceEducationOrganizationId IN (:ClaimEducationOrganizationIds))))
order by comp_aaa.StudentUSI,
	comp_aab.EducationOrganizationId
HQL:
select 
	comp_aaa.StudentUSI As __BaseEntityId__,
	comp_aaa.StudentUSI as PK1a_StudentUSI,
	comp_aab.EducationOrganizationId as PK2a_EducationOrganizationId,
	comp_aac.AddressTypeDescriptorId as PK3a_AddressTypeDescriptorId,
	comp_aac.City as PK3a_City,
	comp_aac.PostalCode as PK3a_PostalCode,
	comp_aac.StateAbbreviationDescriptorId as PK3a_StateAbbreviationDescriptorId,
	comp_aac.StreetNumberName as PK3a_StreetNumberName,
	comp_aac.City as city,
	comp_aac.PostalCode as postalCode
from 
	EdFi.Ods.Entities.NHibernate.QueryModels.StudentAggregate.EdFi.StudentQ comp_aaa
	join comp_aaa.StudentEducationOrganizationAssociations comp_aab
	join comp_aab.StudentEducationOrganizationAssociationAddresses comp_aac
where comp_aaa.StudentUSI IN (:BaseEntityId)
order by comp_aaa.StudentUSI,
	comp_aab.EducationOrganizationId,
	comp_aac.AddressTypeDescriptorId,
	comp_aac.City,
	comp_aac.PostalCode,
	comp_aac.StateAbbreviationDescriptorId,
	comp_aac.StreetNumberName