HQL:
select 
	comp_aaa.StudentUSI As __BaseEntityId__,
	comp_aaa.StudentUSI as PK1a_StudentUSI
from 
	EdFi.Ods.Entities.NHibernate.QueryModels.StudentAggregate.EdFi.StudentQ comp_aaa
where comp_aaa.Id = :Id AND (comp_aaa.StudentUSI IN (
                    SELECT fltr_aad.StudentUSI 
                    FROM EdFi.Ods.Entities.NHibernate.QueryModels.Views.auth_EducationOrganizationIdToStudentUSI fltr_aad 
                    WHERE fltr_aad.SourceEducationOrganizationId IN (:ClaimEducationOrganizationIds)))
order by comp_aaa.StudentUSI
HQL:
select 
	comp_aaa.StudentUSI As __BaseEntityId__,
	comp_aaa.StudentUSI as PK1a_StudentUSI,
	comp_aab.EducationOrganizationId as PK2a_EducationOrganizationId,
	comp_aab.SchoolYear as PK2a_SchoolYear,
	comp_aab.TermDescriptorId as PK2a_TermDescriptorId,
	comp_aac.SchoolYear as schoolYear
from 
	EdFi.Ods.Entities.NHibernate.QueryModels.StudentAggregate.EdFi.StudentQ comp_aaa
	join comp_aaa.StudentAcademicRecords comp_aab
	join comp_aab.SchoolYearType comp_aac
where comp_aaa.StudentUSI IN (:BaseEntityId) AND (comp_aab.EducationOrganizationId IN (
                    SELECT fltr_aah.TargetEducationOrganizationId 
                    FROM EdFi.Ods.Entities.NHibernate.QueryModels.Views.auth_EducationOrganizationIdToEducationOrganizationId fltr_aah 
                    WHERE fltr_aah.SourceEducationOrganizationId IN (:ClaimEducationOrganizationIds))) AND (comp_aab.StudentUSI IN (
                    SELECT fltr_aad.StudentUSI 
                    FROM EdFi.Ods.Entities.NHibernate.QueryModels.Views.auth_EducationOrganizationIdToStudentUSI fltr_aad 
                    WHERE fltr_aad.SourceEducationOrganizationId IN (:ClaimEducationOrganizationIds)))
order by comp_aaa.StudentUSI,
	comp_aab.EducationOrganizationId,
	comp_aab.SchoolYear,
	comp_aab.TermDescriptorId