HQL:
select 
	comp_aaa.Id As __BaseEntityId__,
	comp_aaa.EntryDate as PK1a_EntryDate,
	comp_aaa.SchoolId as PK1a_SchoolId,
	comp_aaa.StudentUSI as PK1a_StudentUSI
from 
	EdFi.Ods.Entities.NHibernate.QueryModels.StudentSchoolAssociationAggregate.EdFi.StudentSchoolAssociationQ comp_aaa
where comp_aaa.Id = :Id AND (comp_aaa.SchoolId IN (
                    SELECT fltr_aal.TargetEducationOrganizationId 
                    FROM EdFi.Ods.Entities.NHibernate.QueryModels.Views.auth_EducationOrganizationIdToEducationOrganizationId fltr_aal 
                    WHERE fltr_aal.SourceEducationOrganizationId IN (:ClaimEducationOrganizationIds))) AND (comp_aaa.StudentUSI IN (
                    SELECT fltr_aac.StudentUSI 
                    FROM EdFi.Ods.Entities.NHibernate.QueryModels.Views.auth_EducationOrganizationIdToStudentUSI fltr_aac 
                    WHERE fltr_aac.SourceEducationOrganizationId IN (:ClaimEducationOrganizationIds)))
order by comp_aaa.EntryDate,
	comp_aaa.SchoolId,
	comp_aaa.StudentUSI
HQL:
select 
	comp_aaa.Id As __BaseEntityId__,
	comp_aaa.EntryDate as PK1a_EntryDate,
	comp_aaa.SchoolId as PK1a_SchoolId,
	comp_aaa.StudentUSI as PK1a_StudentUSI
from 
	EdFi.Ods.Entities.NHibernate.QueryModels.StudentSchoolAssociationAggregate.EdFi.StudentSchoolAssociationQ comp_aaa
	join comp_aaa.Student comp_aab
where comp_aaa.Id IN (:BaseEntityId) AND (comp_aab.StudentUSI IN (
                    SELECT fltr_aac.StudentUSI 
                    FROM EdFi.Ods.Entities.NHibernate.QueryModels.Views.auth_EducationOrganizationIdToStudentUSI fltr_aac 
                    WHERE fltr_aac.SourceEducationOrganizationId IN (:ClaimEducationOrganizationIds)))
order by comp_aaa.EntryDate,
	comp_aaa.SchoolId,
	comp_aaa.StudentUSI
HQL:
select 
	comp_aaa.Id As __BaseEntityId__,
	comp_aaa.EntryDate as PK1a_EntryDate,
	comp_aaa.SchoolId as PK1a_SchoolId,
	comp_aaa.StudentUSI as PK1a_StudentUSI,
	comp_aac.AssessmentIdentifier as PK3a_AssessmentIdentifier,
	comp_aac.Namespace as PK3a_Namespace,
	comp_aac.StudentAssessmentIdentifier as PK3a_StudentAssessmentIdentifier,
	comp_aac.StudentAssessmentIdentifier as studentAssessmentIdentifier
from 
	EdFi.Ods.Entities.NHibernate.QueryModels.StudentSchoolAssociationAggregate.EdFi.StudentSchoolAssociationQ comp_aaa
	join comp_aaa.Student comp_aab
	join comp_aab.StudentAssessments comp_aac
where comp_aaa.Id IN (:BaseEntityId) AND ((comp_aac.Namespace IS NOT NULL AND comp_aac.Namespace LIKE :Namespace))
order by comp_aaa.EntryDate,
	comp_aaa.SchoolId,
	comp_aaa.StudentUSI,
	comp_aac.AssessmentIdentifier,
	comp_aac.Namespace,
	comp_aac.StudentAssessmentIdentifier