HQL:
select 
	comp_aaa.Id As __BaseEntityId__,
	comp_aaa.EntryDate as PK1a_EntryDate,
	comp_aaa.SchoolId as PK1a_SchoolId,
	comp_aaa.StudentUSI as PK1a_StudentUSI
from 
	EdFi.Ods.Entities.NHibernate.QueryModels.StudentSchoolAssociationAggregate.EdFi.StudentSchoolAssociationQ comp_aaa
where comp_aaa.Id = :Id AND (comp_aaa.SchoolId IN (
                    SELECT fltr_aax.TargetEducationOrganizationId 
                    FROM EdFi.Ods.Entities.NHibernate.QueryModels.Views.auth_EducationOrganizationIdToEducationOrganizationId fltr_aax 
                    WHERE fltr_aax.SourceEducationOrganizationId IN (:ClaimEducationOrganizationIds))) AND (comp_aaa.StudentUSI IN (
                    SELECT fltr_aad.StudentUSI 
                    FROM EdFi.Ods.Entities.NHibernate.QueryModels.Views.auth_EducationOrganizationIdToStudentUSI fltr_aad 
                    WHERE fltr_aad.SourceEducationOrganizationId IN (:ClaimEducationOrganizationIds)))
order by comp_aaa.EntryDate,
	comp_aaa.SchoolId,
	comp_aaa.StudentUSI
HQL:
select 
	comp_aaa.Id As __BaseEntityId__,
	comp_aaa.EntryDate as PK1a_EntryDate,
	comp_aaa.SchoolId as PK1a_SchoolId,
	comp_aaa.StudentUSI as PK1a_StudentUSI,
	comp_aad.Namespace as localEducationAgencyCategoryDescriptor__Namespace,
	comp_aad.CodeValue as localEducationAgencyCategoryDescriptor
from 
	EdFi.Ods.Entities.NHibernate.QueryModels.StudentSchoolAssociationAggregate.EdFi.StudentSchoolAssociationQ comp_aaa
	join comp_aaa.School comp_aab
	join comp_aab.LocalEducationAgency comp_aac
		left join comp_aac.LocalEducationAgencyCategoryDescriptor comp_aad 
where comp_aaa.Id IN (:BaseEntityId)
order by comp_aaa.EntryDate,
	comp_aaa.SchoolId,
	comp_aaa.StudentUSI