HQL:
select 
	comp_aaa.Id As __BaseEntityId__,
	comp_aaa.EducationOrganizationId as PK1a_EducationOrganizationId,
	comp_aaa.StudentUSI as PK1a_StudentUSI
from 
	EdFi.Ods.Entities.NHibernate.QueryModels.StudentEducationOrganizationAssociationAggregate.EdFi.StudentEducationOrganizationAssociationQ comp_aaa
where comp_aaa.Id = :Id AND (comp_aaa.EducationOrganizationId IN (
                    SELECT fltr_aaf.TargetEducationOrganizationId 
                    FROM EdFi.Ods.Entities.NHibernate.QueryModels.Views.auth_EducationOrganizationIdToEducationOrganizationId fltr_aaf 
                    WHERE fltr_aaf.SourceEducationOrganizationId IN (:ClaimEducationOrganizationIds))) AND (comp_aaa.StudentUSI IN (
                    SELECT fltr_aac.StudentUSI 
                    FROM EdFi.Ods.Entities.NHibernate.QueryModels.Views.auth_EducationOrganizationIdToStudentUSI fltr_aac 
                    WHERE fltr_aac.SourceEducationOrganizationId IN (:ClaimEducationOrganizationIds)))
order by comp_aaa.EducationOrganizationId,
	comp_aaa.StudentUSI
HQL:
select 
	comp_aaa.Id As __BaseEntityId__,
	comp_aaa.EducationOrganizationId as PK1a_EducationOrganizationId,
	comp_aaa.StudentUSI as PK1a_StudentUSI,
	comp_aab.AddressTypeDescriptorId as PK2a_AddressTypeDescriptorId,
	comp_aab.City as PK2a_City,
	comp_aab.PostalCode as PK2a_PostalCode,
	comp_aab.StateAbbreviationDescriptorId as PK2a_StateAbbreviationDescriptorId,
	comp_aab.StreetNumberName as PK2a_StreetNumberName,
	comp_aab.City as city
from 
	EdFi.Ods.Entities.NHibernate.QueryModels.StudentEducationOrganizationAssociationAggregate.EdFi.StudentEducationOrganizationAssociationQ comp_aaa
	join comp_aaa.StudentEducationOrganizationAssociationAddresses comp_aab
where comp_aaa.Id IN (:BaseEntityId)
order by comp_aaa.EducationOrganizationId,
	comp_aaa.StudentUSI,
	comp_aab.AddressTypeDescriptorId,
	comp_aab.City,
	comp_aab.PostalCode,
	comp_aab.StateAbbreviationDescriptorId,
	comp_aab.StreetNumberName