HQL:
select 
	comp_aaa.Id As __BaseEntityId__,
	comp_aaa.EntryDate as PK1a_EntryDate,
	comp_aaa.SchoolId as PK1a_SchoolId,
	comp_aaa.StudentUSI as PK1a_StudentUSI
from 
	EdFi.Ods.Entities.NHibernate.QueryModels.StudentSchoolAssociationAggregate.EdFi.StudentSchoolAssociationQ comp_aaa
where comp_aaa.Id = :Id AND (comp_aaa.SchoolId IN (
                        SELECT fltr_aar.TargetEducationOrganizationId 
                        FROM EdFi.Ods.Entities.NHibernate.QueryModels.Views.auth_EducationOrganizationIdToEducationOrganizationId fltr_aar 
                        WHERE fltr_aar.SourceEducationOrganizationId IN (:LocalEducationAgencyId))) AND (comp_aaa.StudentUSI IN (
                            SELECT fltr_aab.StudentUSI 
                            FROM EdFi.Ods.Entities.NHibernate.QueryModels.Views.auth_StudentUSIToEducationOrganizationId fltr_aab 
                            WHERE fltr_aab.SourceEducationOrganizationId IN (:LocalEducationAgencyId)))
order by comp_aaa.EntryDate,
	comp_aaa.SchoolId,
	comp_aaa.StudentUSI
HQL:
select 
	comp_aaa.Id As __BaseEntityId__,
	comp_aaa.EntryDate as PK1a_EntryDate,
	comp_aaa.SchoolId as PK1a_SchoolId,
	comp_aaa.StudentUSI as PK1a_StudentUSI,
	comp_aab.FirstName as firstName
from 
	EdFi.Ods.Entities.NHibernate.QueryModels.StudentSchoolAssociationAggregate.EdFi.StudentSchoolAssociationQ comp_aaa
	join comp_aaa.Student comp_aab
where comp_aaa.Id IN (:BaseEntityId) AND (comp_aab.StudentUSI IN (
                            SELECT fltr_aab.StudentUSI 
                            FROM EdFi.Ods.Entities.NHibernate.QueryModels.Views.auth_StudentUSIToEducationOrganizationId fltr_aab 
                            WHERE fltr_aab.SourceEducationOrganizationId IN (:LocalEducationAgencyId)))
order by comp_aaa.EntryDate,
	comp_aaa.SchoolId,
	comp_aaa.StudentUSI