<hibernate-mapping xmlns="urn:nhibernate-mapping-2.2" assembly="EdFi.Ods.Standard" namespace="EdFi.Ods.Entities.NHibernate.QueryModels.Views" default-access="property" auto-import="false">


  <!-- Class definition -->
  <class name="EdFi.Ods.Entities.NHibernate.QueryModels.Views.auth_CommunityOrganizationIdToCommunityProviderId" table="CommunityOrganizationIdToCommunityProviderId" lazy="false" schema="auth">
    <!-- Composite primary key -->
    <composite-id>
      <key-property name="CommunityOrganizationId" column="CommunityOrganizationId" type="int" />
      <key-property name="CommunityProviderId" column="CommunityProviderId" type="int" />
    </composite-id>
    <!-- Transient state detection -->
    <property name="CreateDate" column="CreateDate" type="UtcDateTime" not-null="true" />


    <!-- Properties -->
    <property name="CommunityOrganizationId" column="CommunityOrganizationId" type="int" insert="false" update="false" />
    <property name="CommunityProviderId" column="CommunityProviderId" type="int" not-null="true" insert="false" update="false" />

    <!-- Aggregate references -->

    <!-- Back references -->

    <!-- Collections -->
</class>



  <!-- Class definition -->
  <class name="EdFi.Ods.Entities.NHibernate.QueryModels.Views.auth_CommunityProviderIdToStaffUSI" table="CommunityProviderIdToStaffUSI" lazy="false" schema="auth">
    <!-- Composite primary key -->
    <composite-id>
      <key-property name="CommunityProviderId" column="CommunityProviderId" type="int" />
      <key-property name="StaffUSI" column="StaffUSI" type="int" />
    </composite-id>
    <!-- Transient state detection -->
    <property name="CreateDate" column="CreateDate" type="UtcDateTime" not-null="true" />


    <!-- Properties -->
    <property name="CommunityProviderId" column="CommunityProviderId" type="int" not-null="true" insert="false" update="false" />
    <property name="StaffUSI" column="StaffUSI" type="int" not-null="true" insert="false" update="false" />

    <!-- Aggregate references -->

    <!-- Back references -->

    <!-- Collections -->
</class>



  <!-- Class definition -->
  <class name="EdFi.Ods.Entities.NHibernate.QueryModels.Views.auth_EducationOrganizationIdentifiers" table="EducationOrganizationIdentifiers" lazy="false" schema="auth">
    <!-- Composite primary key -->
    <composite-id>
      <key-property name="CommunityOrganizationId" column="CommunityOrganizationId" type="int" />
      <key-property name="CommunityProviderId" column="CommunityProviderId" type="int" />
      <key-property name="EducationOrganizationId" column="EducationOrganizationId" type="int" />
      <key-property name="EducationOrganizationType" column="EducationOrganizationType" type="string" length="26" />
      <key-property name="EducationServiceCenterId" column="EducationServiceCenterId" type="int" />
      <key-property name="FullEducationOrganizationType" column="FullEducationOrganizationType" type="string" length="128" />
      <key-property name="LocalEducationAgencyId" column="LocalEducationAgencyId" type="int" />
      <key-property name="NameOfInstitution" column="NameOfInstitution" type="string" length="75" />
      <key-property name="PostSecondaryInstitutionId" column="PostSecondaryInstitutionId" type="int" />
      <key-property name="SchoolId" column="SchoolId" type="int" />
      <key-property name="StateEducationAgencyId" column="StateEducationAgencyId" type="int" />
      <key-property name="TeacherPreparationProviderId" column="TeacherPreparationProviderId" type="int" />
      <key-property name="UniversityId" column="UniversityId" type="int" />
    </composite-id>
    <!-- Transient state detection -->
    <property name="CreateDate" column="CreateDate" type="UtcDateTime" not-null="true" />


    <!-- Properties -->
    <property name="CommunityOrganizationId" column="CommunityOrganizationId" type="int" insert="false" update="false" />
    <property name="CommunityProviderId" column="CommunityProviderId" type="int" insert="false" update="false" />
    <property name="EducationOrganizationId" column="EducationOrganizationId" type="int" not-null="true" insert="false" update="false" />
    <property name="EducationOrganizationType" column="EducationOrganizationType" type="string" length="26" insert="false" update="false" />
    <property name="EducationServiceCenterId" column="EducationServiceCenterId" type="int" insert="false" update="false" />
    <property name="FullEducationOrganizationType" column="FullEducationOrganizationType" type="string" length="128" insert="false" update="false" />
    <property name="LocalEducationAgencyId" column="LocalEducationAgencyId" type="int" insert="false" update="false" />
    <property name="NameOfInstitution" column="NameOfInstitution" type="string" length="75" not-null="true" insert="false" update="false" />
    <property name="PostSecondaryInstitutionId" column="PostSecondaryInstitutionId" type="int" insert="false" update="false" />
    <property name="SchoolId" column="SchoolId" type="int" insert="false" update="false" />
    <property name="StateEducationAgencyId" column="StateEducationAgencyId" type="int" insert="false" update="false" />
    <property name="TeacherPreparationProviderId" column="TeacherPreparationProviderId" type="int" insert="false" update="false" />
    <property name="UniversityId" column="UniversityId" type="int" insert="false" update="false" />

    <!-- Aggregate references -->

    <!-- Back references -->

    <!-- Collections -->
</class>



  <!-- Class definition -->
  <class name="EdFi.Ods.Entities.NHibernate.QueryModels.Views.auth_EducationOrganizationIdToCommunityOrganizationId" table="EducationOrganizationIdToCommunityOrganizationId" lazy="false" schema="auth">
    <!-- Composite primary key -->
    <composite-id>
      <key-property name="CommunityOrganizationId" column="CommunityOrganizationId" type="int" />
      <key-property name="EducationOrganizationId" column="EducationOrganizationId" type="int" />
    </composite-id>
    <!-- Transient state detection -->
    <property name="CreateDate" column="CreateDate" type="UtcDateTime" not-null="true" />


    <!-- Properties -->
    <property name="CommunityOrganizationId" column="CommunityOrganizationId" type="int" insert="false" update="false" />
    <property name="EducationOrganizationId" column="EducationOrganizationId" type="int" not-null="true" insert="false" update="false" />

    <!-- Aggregate references -->

    <!-- Back references -->

    <!-- Collections -->
</class>



  <!-- Class definition -->
  <class name="EdFi.Ods.Entities.NHibernate.QueryModels.Views.auth_EducationOrganizationIdToCommunityProviderId" table="EducationOrganizationIdToCommunityProviderId" lazy="false" schema="auth">
    <!-- Composite primary key -->
    <composite-id>
      <key-property name="CommunityProviderId" column="CommunityProviderId" type="int" />
      <key-property name="EducationOrganizationId" column="EducationOrganizationId" type="int" />
    </composite-id>
    <!-- Transient state detection -->
    <property name="CreateDate" column="CreateDate" type="UtcDateTime" not-null="true" />


    <!-- Properties -->
    <property name="CommunityProviderId" column="CommunityProviderId" type="int" not-null="true" insert="false" update="false" />
    <property name="EducationOrganizationId" column="EducationOrganizationId" type="int" not-null="true" insert="false" update="false" />

    <!-- Aggregate references -->

    <!-- Back references -->

    <!-- Collections -->
</class>



  <!-- Class definition -->
  <class name="EdFi.Ods.Entities.NHibernate.QueryModels.Views.auth_EducationOrganizationIdToEducationServiceCenterId" table="EducationOrganizationIdToEducationServiceCenterId" lazy="false" schema="auth">
    <!-- Composite primary key -->
    <composite-id>
      <key-property name="EducationOrganizationId" column="EducationOrganizationId" type="int" />
      <key-property name="EducationServiceCenterId" column="EducationServiceCenterId" type="int" />
    </composite-id>
    <!-- Transient state detection -->
    <property name="CreateDate" column="CreateDate" type="UtcDateTime" not-null="true" />


    <!-- Properties -->
    <property name="EducationOrganizationId" column="EducationOrganizationId" type="int" insert="false" update="false" />
    <property name="EducationServiceCenterId" column="EducationServiceCenterId" type="int" insert="false" update="false" />

    <!-- Aggregate references -->

    <!-- Back references -->

    <!-- Collections -->
</class>



  <!-- Class definition -->
  <class name="EdFi.Ods.Entities.NHibernate.QueryModels.Views.auth_EducationOrganizationIdToLocalEducationAgencyId" table="EducationOrganizationIdToLocalEducationAgencyId" lazy="false" schema="auth">
    <!-- Composite primary key -->
    <composite-id>
      <key-property name="EducationOrganizationId" column="EducationOrganizationId" type="int" />
      <key-property name="LocalEducationAgencyId" column="LocalEducationAgencyId" type="int" />
    </composite-id>
    <!-- Transient state detection -->
    <property name="CreateDate" column="CreateDate" type="UtcDateTime" not-null="true" />


    <!-- Properties -->
    <property name="EducationOrganizationId" column="EducationOrganizationId" type="int" not-null="true" insert="false" update="false" />
    <property name="LocalEducationAgencyId" column="LocalEducationAgencyId" type="int" insert="false" update="false" />

    <!-- Aggregate references -->

    <!-- Back references -->

    <!-- Collections -->
</class>



  <!-- Class definition -->
  <class name="EdFi.Ods.Entities.NHibernate.QueryModels.Views.auth_EducationOrganizationIdToPostSecondaryInstitutionId" table="EducationOrganizationIdToPostSecondaryInstitutionId" lazy="false" schema="auth">
    <!-- Composite primary key -->
    <composite-id>
      <key-property name="EducationOrganizationId" column="EducationOrganizationId" type="int" />
      <key-property name="PostSecondaryInstitutionId" column="PostSecondaryInstitutionId" type="int" />
    </composite-id>
    <!-- Transient state detection -->
    <property name="CreateDate" column="CreateDate" type="UtcDateTime" not-null="true" />


    <!-- Properties -->
    <property name="EducationOrganizationId" column="EducationOrganizationId" type="int" not-null="true" insert="false" update="false" />
    <property name="PostSecondaryInstitutionId" column="PostSecondaryInstitutionId" type="int" not-null="true" insert="false" update="false" />

    <!-- Aggregate references -->

    <!-- Back references -->

    <!-- Collections -->
</class>



  <!-- Class definition -->
  <class name="EdFi.Ods.Entities.NHibernate.QueryModels.Views.auth_EducationOrganizationIdToSchoolId" table="EducationOrganizationIdToSchoolId" lazy="false" schema="auth">
    <!-- Composite primary key -->
    <composite-id>
      <key-property name="EducationOrganizationId" column="EducationOrganizationId" type="int" />
      <key-property name="SchoolId" column="SchoolId" type="int" />
    </composite-id>
    <!-- Transient state detection -->
    <property name="CreateDate" column="CreateDate" type="UtcDateTime" not-null="true" />


    <!-- Properties -->
    <property name="EducationOrganizationId" column="EducationOrganizationId" type="int" not-null="true" insert="false" update="false" />
    <property name="SchoolId" column="SchoolId" type="int" not-null="true" insert="false" update="false" />

    <!-- Aggregate references -->

    <!-- Back references -->

    <!-- Collections -->
</class>



  <!-- Class definition -->
  <class name="EdFi.Ods.Entities.NHibernate.QueryModels.Views.auth_EducationOrganizationIdToStaffUSI" table="EducationOrganizationIdToStaffUSI" lazy="false" schema="auth">
    <!-- Composite primary key -->
    <composite-id>
      <key-property name="EducationOrganizationId" column="EducationOrganizationId" type="int" />
      <key-property name="StaffUSI" column="StaffUSI" type="int" />
    </composite-id>
    <!-- Transient state detection -->
    <property name="CreateDate" column="CreateDate" type="UtcDateTime" not-null="true" />


    <!-- Properties -->
    <property name="EducationOrganizationId" column="EducationOrganizationId" type="int" insert="false" update="false" />
    <property name="StaffUSI" column="StaffUSI" type="int" not-null="true" insert="false" update="false" />

    <!-- Aggregate references -->

    <!-- Back references -->

    <!-- Collections -->
</class>



  <!-- Class definition -->
  <class name="EdFi.Ods.Entities.NHibernate.QueryModels.Views.auth_EducationOrganizationIdToStateAgencyId" table="EducationOrganizationIdToStateAgencyId" lazy="false" schema="auth">
    <!-- Composite primary key -->
    <composite-id>
      <key-property name="EducationOrganizationId" column="EducationOrganizationId" type="int" />
      <key-property name="StateEducationAgencyId" column="StateEducationAgencyId" type="int" />
    </composite-id>
    <!-- Transient state detection -->
    <property name="CreateDate" column="CreateDate" type="UtcDateTime" not-null="true" />


    <!-- Properties -->
    <property name="EducationOrganizationId" column="EducationOrganizationId" type="int" insert="false" update="false" />
    <property name="StateEducationAgencyId" column="StateEducationAgencyId" type="int" insert="false" update="false" />

    <!-- Aggregate references -->

    <!-- Back references -->

    <!-- Collections -->
</class>



  <!-- Class definition -->
  <class name="EdFi.Ods.Entities.NHibernate.QueryModels.Views.auth_EducationOrganizationIdToStudentUSI" table="EducationOrganizationIdToStudentUSI" lazy="false" schema="auth">
    <!-- Composite primary key -->
    <composite-id>
      <key-property name="EducationOrganizationId" column="EducationOrganizationId" type="int" />
      <key-property name="StudentUSI" column="StudentUSI" type="int" />
    </composite-id>
    <!-- Transient state detection -->
    <property name="CreateDate" column="CreateDate" type="UtcDateTime" not-null="true" />


    <!-- Properties -->
    <property name="EducationOrganizationId" column="EducationOrganizationId" type="int" insert="false" update="false" />
    <property name="StudentUSI" column="StudentUSI" type="int" not-null="true" insert="false" update="false" />

    <!-- Aggregate references -->

    <!-- Back references -->

    <!-- Collections -->
</class>



  <!-- Class definition -->
  <class name="EdFi.Ods.Entities.NHibernate.QueryModels.Views.auth_EducationOrganizationIdToTeacherPreparationProviderId" table="EducationOrganizationIdToTeacherPreparationProviderId" lazy="false" schema="auth">
    <!-- Composite primary key -->
    <composite-id>
      <key-property name="EducationOrganizationId" column="EducationOrganizationId" type="int" />
      <key-property name="TeacherPreparationProviderId" column="TeacherPreparationProviderId" type="int" />
    </composite-id>
    <!-- Transient state detection -->
    <property name="CreateDate" column="CreateDate" type="UtcDateTime" not-null="true" />


    <!-- Properties -->
    <property name="EducationOrganizationId" column="EducationOrganizationId" type="int" not-null="true" insert="false" update="false" />
    <property name="TeacherPreparationProviderId" column="TeacherPreparationProviderId" type="int" not-null="true" insert="false" update="false" />

    <!-- Aggregate references -->

    <!-- Back references -->

    <!-- Collections -->
</class>



  <!-- Class definition -->
  <class name="EdFi.Ods.Entities.NHibernate.QueryModels.Views.auth_EducationOrganizationIdToUniversityId" table="EducationOrganizationIdToUniversityId" lazy="false" schema="auth">
    <!-- Composite primary key -->
    <composite-id>
      <key-property name="EducationOrganizationId" column="EducationOrganizationId" type="int" />
      <key-property name="UniversityId" column="UniversityId" type="int" />
    </composite-id>
    <!-- Transient state detection -->
    <property name="CreateDate" column="CreateDate" type="UtcDateTime" not-null="true" />


    <!-- Properties -->
    <property name="EducationOrganizationId" column="EducationOrganizationId" type="int" not-null="true" insert="false" update="false" />
    <property name="UniversityId" column="UniversityId" type="int" not-null="true" insert="false" update="false" />

    <!-- Aggregate references -->

    <!-- Back references -->

    <!-- Collections -->
</class>



  <!-- Class definition -->
  <class name="EdFi.Ods.Entities.NHibernate.QueryModels.Views.auth_EducationOrganizationToStaffUSI_Assignment" table="EducationOrganizationToStaffUSI_Assignment" lazy="false" schema="auth">
    <!-- Composite primary key -->
    <composite-id>
      <key-property name="Count" column="Count" type="long" />
      <key-property name="EducationOrganizationId" column="EducationOrganizationId" type="int" />
      <key-property name="StaffUSI" column="StaffUSI" type="int" />
    </composite-id>
    <!-- Transient state detection -->
    <property name="CreateDate" column="CreateDate" type="UtcDateTime" not-null="true" />


    <!-- Properties -->
    <property name="Count" column="Count" type="long" insert="false" update="false" />
    <property name="EducationOrganizationId" column="EducationOrganizationId" type="int" not-null="true" insert="false" update="false" />
    <property name="StaffUSI" column="StaffUSI" type="int" not-null="true" insert="false" update="false" />

    <!-- Aggregate references -->

    <!-- Back references -->

    <!-- Collections -->
</class>



  <!-- Class definition -->
  <class name="EdFi.Ods.Entities.NHibernate.QueryModels.Views.auth_EducationOrganizationToStaffUSI_Employment" table="EducationOrganizationToStaffUSI_Employment" lazy="false" schema="auth">
    <!-- Composite primary key -->
    <composite-id>
      <key-property name="Count" column="Count" type="long" />
      <key-property name="EducationOrganizationId" column="EducationOrganizationId" type="int" />
      <key-property name="StaffUSI" column="StaffUSI" type="int" />
    </composite-id>
    <!-- Transient state detection -->
    <property name="CreateDate" column="CreateDate" type="UtcDateTime" not-null="true" />


    <!-- Properties -->
    <property name="Count" column="Count" type="long" insert="false" update="false" />
    <property name="EducationOrganizationId" column="EducationOrganizationId" type="int" not-null="true" insert="false" update="false" />
    <property name="StaffUSI" column="StaffUSI" type="int" not-null="true" insert="false" update="false" />

    <!-- Aggregate references -->

    <!-- Back references -->

    <!-- Collections -->
</class>



  <!-- Class definition -->
  <class name="EdFi.Ods.Entities.NHibernate.QueryModels.Views.auth_LocalEducationAgency" table="LocalEducationAgency" lazy="false" schema="auth">
    <!-- Composite primary key -->
    <composite-id>
      <key-property name="Id" column="Id" type="Guid" />
      <key-property name="LocalEducationAgencyId" column="LocalEducationAgencyId" type="int" />
    </composite-id>
    <!-- Transient state detection -->
    <property name="CreateDate" column="CreateDate" type="UtcDateTime" not-null="true" />


    <!-- Properties -->
    <property name="Id" column="Id" type="Guid" not-null="true" insert="false" update="false" />
    <property name="LocalEducationAgencyId" column="LocalEducationAgencyId" type="int" not-null="true" insert="false" update="false" />

    <!-- Aggregate references -->

    <!-- Back references -->

    <!-- Collections -->
</class>



  <!-- Class definition -->
  <class name="EdFi.Ods.Entities.NHibernate.QueryModels.Views.auth_LocalEducationAgencyIdToParentUSI" table="LocalEducationAgencyIdToParentUSI" lazy="false" schema="auth">
    <!-- Composite primary key -->
    <composite-id>
      <key-property name="Count" column="Count" type="long" />
      <key-property name="LocalEducationAgencyId" column="LocalEducationAgencyId" type="int" />
      <key-property name="ParentUSI" column="ParentUSI" type="int" />
    </composite-id>
    <!-- Transient state detection -->
    <property name="CreateDate" column="CreateDate" type="UtcDateTime" not-null="true" />


    <!-- Properties -->
    <property name="Count" column="Count" type="long" insert="false" update="false" />
    <property name="LocalEducationAgencyId" column="LocalEducationAgencyId" type="int" insert="false" update="false" />
    <property name="ParentUSI" column="ParentUSI" type="int" not-null="true" insert="false" update="false" />

    <!-- Aggregate references -->

    <!-- Back references -->

    <!-- Collections -->
</class>



  <!-- Class definition -->
  <class name="EdFi.Ods.Entities.NHibernate.QueryModels.Views.auth_LocalEducationAgencyIdToSchoolId" table="LocalEducationAgencyIdToSchoolId" lazy="false" schema="auth">
    <!-- Composite primary key -->
    <composite-id>
      <key-property name="LocalEducationAgencyId" column="LocalEducationAgencyId" type="int" />
      <key-property name="SchoolId" column="SchoolId" type="int" />
    </composite-id>
    <!-- Transient state detection -->
    <property name="CreateDate" column="CreateDate" type="UtcDateTime" not-null="true" />


    <!-- Properties -->
    <property name="LocalEducationAgencyId" column="LocalEducationAgencyId" type="int" insert="false" update="false" />
    <property name="SchoolId" column="SchoolId" type="int" not-null="true" insert="false" update="false" />

    <!-- Aggregate references -->

    <!-- Back references -->

    <!-- Collections -->
</class>



  <!-- Class definition -->
  <class name="EdFi.Ods.Entities.NHibernate.QueryModels.Views.auth_LocalEducationAgencyIdToStaffUSI" table="LocalEducationAgencyIdToStaffUSI" lazy="false" schema="auth">
    <!-- Composite primary key -->
    <composite-id>
      <key-property name="LocalEducationAgencyId" column="LocalEducationAgencyId" type="int" />
      <key-property name="SchoolId" column="SchoolId" type="int" />
      <key-property name="StaffUSI" column="StaffUSI" type="int" />
    </composite-id>
    <!-- Transient state detection -->
    <property name="CreateDate" column="CreateDate" type="UtcDateTime" not-null="true" />


    <!-- Properties -->
    <property name="LocalEducationAgencyId" column="LocalEducationAgencyId" type="int" insert="false" update="false" />
    <property name="SchoolId" column="SchoolId" type="int" insert="false" update="false" />
    <property name="StaffUSI" column="StaffUSI" type="int" not-null="true" insert="false" update="false" />

    <!-- Aggregate references -->

    <!-- Back references -->

    <!-- Collections -->
</class>



  <!-- Class definition -->
  <class name="EdFi.Ods.Entities.NHibernate.QueryModels.Views.auth_LocalEducationAgencyIdToStudentUSI" table="LocalEducationAgencyIdToStudentUSI" lazy="false" schema="auth">
    <!-- Composite primary key -->
    <composite-id>
      <key-property name="Ignored" column="Ignored" type="long" />
      <key-property name="LocalEducationAgencyId" column="LocalEducationAgencyId" type="int" />
      <key-property name="StudentUSI" column="StudentUSI" type="int" />
    </composite-id>
    <!-- Transient state detection -->
    <property name="CreateDate" column="CreateDate" type="UtcDateTime" not-null="true" />


    <!-- Properties -->
    <property name="Ignored" column="Ignored" type="long" insert="false" update="false" />
    <property name="LocalEducationAgencyId" column="LocalEducationAgencyId" type="int" insert="false" update="false" />
    <property name="StudentUSI" column="StudentUSI" type="int" not-null="true" insert="false" update="false" />

    <!-- Aggregate references -->

    <!-- Back references -->

    <!-- Collections -->
</class>



  <!-- Class definition -->
  <class name="EdFi.Ods.Entities.NHibernate.QueryModels.Views.auth_LocalEducationAgencyIdToStudentUSIThroughEdOrgAssociation" table="LocalEducationAgencyIdToStudentUSIThroughEdOrgAssociation" lazy="false" schema="auth">
    <!-- Composite primary key -->
    <composite-id>
      <key-property name="LocalEducationAgencyId" column="LocalEducationAgencyId" type="int" />
      <key-property name="StudentUSI" column="StudentUSI" type="int" />
    </composite-id>
    <!-- Transient state detection -->
    <property name="CreateDate" column="CreateDate" type="UtcDateTime" not-null="true" />


    <!-- Properties -->
    <property name="LocalEducationAgencyId" column="LocalEducationAgencyId" type="int" insert="false" update="false" />
    <property name="StudentUSI" column="StudentUSI" type="int" not-null="true" insert="false" update="false" />

    <!-- Aggregate references -->

    <!-- Back references -->

    <!-- Collections -->
</class>



  <!-- Class definition -->
  <class name="EdFi.Ods.Entities.NHibernate.QueryModels.Views.auth_ParentUSIToSchoolId" table="ParentUSIToSchoolId" lazy="false" schema="auth">
    <!-- Composite primary key -->
    <composite-id>
      <key-property name="Count" column="Count" type="long" />
      <key-property name="ParentUSI" column="ParentUSI" type="int" />
      <key-property name="SchoolId" column="SchoolId" type="int" />
    </composite-id>
    <!-- Transient state detection -->
    <property name="CreateDate" column="CreateDate" type="UtcDateTime" not-null="true" />


    <!-- Properties -->
    <property name="Count" column="Count" type="long" insert="false" update="false" />
    <property name="ParentUSI" column="ParentUSI" type="int" not-null="true" insert="false" update="false" />
    <property name="SchoolId" column="SchoolId" type="int" not-null="true" insert="false" update="false" />

    <!-- Aggregate references -->

    <!-- Back references -->

    <!-- Collections -->
</class>



  <!-- Class definition -->
  <class name="EdFi.Ods.Entities.NHibernate.QueryModels.Views.auth_ParentUSIToStudentUSI" table="ParentUSIToStudentUSI" lazy="false" schema="auth">
    <!-- Composite primary key -->
    <composite-id>
      <key-property name="Count" column="Count" type="long" />
      <key-property name="ParentUSI" column="ParentUSI" type="int" />
      <key-property name="StudentUSI" column="StudentUSI" type="int" />
    </composite-id>
    <!-- Transient state detection -->
    <property name="CreateDate" column="CreateDate" type="UtcDateTime" not-null="true" />


    <!-- Properties -->
    <property name="Count" column="Count" type="long" insert="false" update="false" />
    <property name="ParentUSI" column="ParentUSI" type="int" not-null="true" insert="false" update="false" />
    <property name="StudentUSI" column="StudentUSI" type="int" not-null="true" insert="false" update="false" />

    <!-- Aggregate references -->

    <!-- Back references -->

    <!-- Collections -->
</class>



  <!-- Class definition -->
  <class name="EdFi.Ods.Entities.NHibernate.QueryModels.Views.auth_PostSecondaryInstitutionIdToStaffUSI" table="PostSecondaryInstitutionIdToStaffUSI" lazy="false" schema="auth">
    <!-- Composite primary key -->
    <composite-id>
      <key-property name="PostSecondaryInstitutionId" column="PostSecondaryInstitutionId" type="int" />
      <key-property name="StaffUSI" column="StaffUSI" type="int" />
    </composite-id>
    <!-- Transient state detection -->
    <property name="CreateDate" column="CreateDate" type="UtcDateTime" not-null="true" />


    <!-- Properties -->
    <property name="PostSecondaryInstitutionId" column="PostSecondaryInstitutionId" type="int" not-null="true" insert="false" update="false" />
    <property name="StaffUSI" column="StaffUSI" type="int" not-null="true" insert="false" update="false" />

    <!-- Aggregate references -->

    <!-- Back references -->

    <!-- Collections -->
</class>



  <!-- Class definition -->
  <class name="EdFi.Ods.Entities.NHibernate.QueryModels.Views.auth_School" table="School" lazy="false" schema="auth">
    <!-- Composite primary key -->
    <composite-id>
      <key-property name="Id" column="Id" type="Guid" />
      <key-property name="LocalEducationAgencyId" column="LocalEducationAgencyId" type="int" />
      <key-property name="SchoolId" column="SchoolId" type="int" />
    </composite-id>
    <!-- Transient state detection -->
    <property name="CreateDate" column="CreateDate" type="UtcDateTime" not-null="true" />


    <!-- Properties -->
    <property name="Id" column="Id" type="Guid" not-null="true" insert="false" update="false" />
    <property name="LocalEducationAgencyId" column="LocalEducationAgencyId" type="int" insert="false" update="false" />
    <property name="SchoolId" column="SchoolId" type="int" not-null="true" insert="false" update="false" />

    <!-- Aggregate references -->

    <!-- Back references -->

    <!-- Collections -->
</class>



  <!-- Class definition -->
  <class name="EdFi.Ods.Entities.NHibernate.QueryModels.Views.auth_SchoolIdToStaffUSI" table="SchoolIdToStaffUSI" lazy="false" schema="auth">
    <!-- Composite primary key -->
    <composite-id>
      <key-property name="SchoolId" column="SchoolId" type="int" />
      <key-property name="StaffUSI" column="StaffUSI" type="int" />
    </composite-id>
    <!-- Transient state detection -->
    <property name="CreateDate" column="CreateDate" type="UtcDateTime" not-null="true" />


    <!-- Properties -->
    <property name="SchoolId" column="SchoolId" type="int" not-null="true" insert="false" update="false" />
    <property name="StaffUSI" column="StaffUSI" type="int" not-null="true" insert="false" update="false" />

    <!-- Aggregate references -->

    <!-- Back references -->

    <!-- Collections -->
</class>



  <!-- Class definition -->
  <class name="EdFi.Ods.Entities.NHibernate.QueryModels.Views.auth_SchoolIdToStudentUSI" table="SchoolIdToStudentUSI" lazy="false" schema="auth">
    <!-- Composite primary key -->
    <composite-id>
      <key-property name="Ignored" column="Ignored" type="long" />
      <key-property name="SchoolId" column="SchoolId" type="int" />
      <key-property name="StudentUSI" column="StudentUSI" type="int" />
    </composite-id>
    <!-- Transient state detection -->
    <property name="CreateDate" column="CreateDate" type="UtcDateTime" not-null="true" />


    <!-- Properties -->
    <property name="Ignored" column="Ignored" type="long" insert="false" update="false" />
    <property name="SchoolId" column="SchoolId" type="int" not-null="true" insert="false" update="false" />
    <property name="StudentUSI" column="StudentUSI" type="int" not-null="true" insert="false" update="false" />

    <!-- Aggregate references -->

    <!-- Back references -->

    <!-- Collections -->
</class>



  <!-- Class definition -->
  <class name="EdFi.Ods.Entities.NHibernate.QueryModels.Views.auth_SchoolIdToStudentUSIThroughEdOrgAssociation" table="SchoolIdToStudentUSIThroughEdOrgAssociation" lazy="false" schema="auth">
    <!-- Composite primary key -->
    <composite-id>
      <key-property name="SchoolId" column="SchoolId" type="int" />
      <key-property name="StudentUSI" column="StudentUSI" type="int" />
    </composite-id>
    <!-- Transient state detection -->
    <property name="CreateDate" column="CreateDate" type="UtcDateTime" not-null="true" />


    <!-- Properties -->
    <property name="SchoolId" column="SchoolId" type="int" not-null="true" insert="false" update="false" />
    <property name="StudentUSI" column="StudentUSI" type="int" not-null="true" insert="false" update="false" />

    <!-- Aggregate references -->

    <!-- Back references -->

    <!-- Collections -->
</class>



  <!-- Class definition -->
  <class name="EdFi.Ods.Entities.NHibernate.QueryModels.Views.auth_StaffUSIToTeacherPreparationProviderId" table="StaffUSIToTeacherPreparationProviderId" lazy="false" schema="auth">
    <!-- Composite primary key -->
    <composite-id>
      <key-property name="StaffUSI" column="StaffUSI" type="int" />
      <key-property name="TeacherPreparationProviderId" column="TeacherPreparationProviderId" type="int" />
    </composite-id>
    <!-- Transient state detection -->
    <property name="CreateDate" column="CreateDate" type="UtcDateTime" not-null="true" />


    <!-- Properties -->
    <property name="StaffUSI" column="StaffUSI" type="int" not-null="true" insert="false" update="false" />
    <property name="TeacherPreparationProviderId" column="TeacherPreparationProviderId" type="int" not-null="true" insert="false" update="false" />

    <!-- Aggregate references -->

    <!-- Back references -->

    <!-- Collections -->
</class>



  <!-- Class definition -->
  <class name="EdFi.Ods.Entities.NHibernate.QueryModels.Views.auth_StaffUSIToUniversityId" table="StaffUSIToUniversityId" lazy="false" schema="auth">
    <!-- Composite primary key -->
    <composite-id>
      <key-property name="StaffUSI" column="StaffUSI" type="int" />
      <key-property name="UniversityId" column="UniversityId" type="int" />
    </composite-id>
    <!-- Transient state detection -->
    <property name="CreateDate" column="CreateDate" type="UtcDateTime" not-null="true" />


    <!-- Properties -->
    <property name="StaffUSI" column="StaffUSI" type="int" not-null="true" insert="false" update="false" />
    <property name="UniversityId" column="UniversityId" type="int" not-null="true" insert="false" update="false" />

    <!-- Aggregate references -->

    <!-- Back references -->

    <!-- Collections -->
</class>


</hibernate-mapping>

