HQL:
select 
	comp_aaa.StudentUSI As __BaseEntityId__,
	comp_aaa.StudentUSI as PK1a_StudentUSI
from 
	EdFi.Ods.Entities.NHibernate.QueryModels.StudentAggregate.EdFi.StudentQ comp_aaa
where comp_aaa.Id = :Id
order by comp_aaa.StudentUSI
HQL:
select 
	comp_aaa.StudentUSI As __BaseEntityId__,
	comp_aaa.StudentUSI as PK1a_StudentUSI,
	comp_aab.EducationOrganizationId as PK2a_EducationOrganizationId,
	comp_aab.SchoolYear as PK2a_SchoolYear,
	comp_aab.TermDescriptorId as PK2a_TermDescriptorId
from 
	EdFi.Ods.Entities.NHibernate.QueryModels.StudentAggregate.EdFi.StudentQ comp_aaa
	join comp_aaa.StudentAcademicRecords comp_aab
where comp_aaa.StudentUSI IN (:BaseEntityId)
order by comp_aaa.StudentUSI,
	comp_aab.EducationOrganizationId,
	comp_aab.SchoolYear,
	comp_aab.TermDescriptorId
HQL:
select 
	comp_aaa.StudentUSI As __BaseEntityId__,
	comp_aaa.StudentUSI as PK1a_StudentUSI,
	comp_aab.EducationOrganizationId as PK2a_EducationOrganizationId,
	comp_aab.SchoolYear as PK2a_SchoolYear,
	comp_aab.TermDescriptorId as PK2a_TermDescriptorId,
	comp_aac.CourseAttemptResultDescriptorId as PK3a_CourseAttemptResultDescriptorId,
	comp_aac.CourseCode as PK3a_CourseCode,
	comp_aac.CourseEducationOrganizationId as PK3a_CourseEducationOrganizationId,
	comp_aac.CourseTitle as courseTitle,
	comp_aac.FinalLetterGradeEarned as finalLetterGradeEarned,
	comp_aac.FinalNumericGradeEarned as finalNumericGradeEarned
from 
	EdFi.Ods.Entities.NHibernate.QueryModels.StudentAggregate.EdFi.StudentQ comp_aaa
	join comp_aaa.StudentAcademicRecords comp_aab
	join comp_aab.CourseTranscripts comp_aac
where comp_aaa.StudentUSI IN (:BaseEntityId)
order by comp_aaa.StudentUSI,
	comp_aab.EducationOrganizationId,
	comp_aab.SchoolYear,
	comp_aab.TermDescriptorId,
	comp_aac.CourseAttemptResultDescriptorId,
	comp_aac.CourseCode,
	comp_aac.CourseEducationOrganizationId