HQL:
select 
	comp_aaa.SchoolId As __BaseEntityId__,
	comp_aaa.SchoolId as PK1a_SchoolId,
	comp_aab.Namespace as property1__Namespace,
	comp_aab.CodeValue as property1
from 
	EdFi.Ods.Entities.NHibernate.QueryModels.SchoolAggregate.EdFi.SchoolQ comp_aaa
		left join comp_aaa.SchoolTypeDescriptor comp_aab 
where comp_aaa.Id = :Id
order by comp_aaa.SchoolId
HQL:
select 
	comp_aaa.SchoolId As __BaseEntityId__,
	comp_aaa.SchoolId as PK1a_SchoolId,
	comp_aac.SchoolCategoryDescriptorId as PK2a_SchoolCategoryDescriptorId,
	comp_aad.Namespace as schoolCategoryDescriptor__Namespace,
	comp_aad.CodeValue as schoolCategoryDescriptor
from 
	EdFi.Ods.Entities.NHibernate.QueryModels.SchoolAggregate.EdFi.SchoolQ comp_aaa
	join comp_aaa.SchoolCategories comp_aac
		left join comp_aac.SchoolCategoryDescriptor comp_aad 
where comp_aaa.SchoolId IN (:BaseEntityId)
order by comp_aaa.SchoolId,
	comp_aac.SchoolCategoryDescriptorId
HQL:
select 
	comp_aaa.SchoolId As __BaseEntityId__,
	comp_aaa.SchoolId as PK1a_SchoolId,
	comp_aae.EntryDate as PK2b_EntryDate,
	comp_aae.StudentUSI as PK2b_StudentUSI,
	comp_aaf.Namespace as subProperty__Namespace,
	comp_aaf.CodeValue as subProperty
from 
	EdFi.Ods.Entities.NHibernate.QueryModels.SchoolAggregate.EdFi.SchoolQ comp_aaa
	join comp_aaa.StudentSchoolAssociations comp_aae
		left join comp_aae.EntryGradeLevelDescriptor comp_aaf 
where comp_aaa.SchoolId IN (:BaseEntityId)
order by comp_aaa.SchoolId,
	comp_aae.EntryDate,
	comp_aae.StudentUSI
HQL:
select 
	comp_aaa.SchoolId As __BaseEntityId__,
	comp_aaa.SchoolId as PK1a_SchoolId,
	comp_aag.ProgramAssignmentDescriptorId as PK2c_ProgramAssignmentDescriptorId,
	comp_aag.StaffUSI as PK2c_StaffUSI
from 
	EdFi.Ods.Entities.NHibernate.QueryModels.SchoolAggregate.EdFi.SchoolQ comp_aaa
	join comp_aaa.StaffSchoolAssociations comp_aag
where comp_aaa.SchoolId IN (:BaseEntityId)
order by comp_aaa.SchoolId,
	comp_aag.ProgramAssignmentDescriptorId,
	comp_aag.StaffUSI
HQL:
select 
	comp_aaa.SchoolId As __BaseEntityId__,
	comp_aaa.SchoolId as PK1a_SchoolId,
	comp_aag.ProgramAssignmentDescriptorId as PK2c_ProgramAssignmentDescriptorId,
	comp_aag.StaffUSI as PK2c_StaffUSI,
	comp_aah.FirstName as firstName
from 
	EdFi.Ods.Entities.NHibernate.QueryModels.SchoolAggregate.EdFi.SchoolQ comp_aaa
	join comp_aaa.StaffSchoolAssociations comp_aag
	join comp_aag.Staff comp_aah
where comp_aaa.SchoolId IN (:BaseEntityId)
order by comp_aaa.SchoolId,
	comp_aag.ProgramAssignmentDescriptorId,
	comp_aag.StaffUSI