HQL:
select 
	comp_aaa.Id As __BaseEntityId__,
	comp_aaa.EntryDate as PK1a_EntryDate,
	comp_aaa.SchoolId as PK1a_SchoolId,
	comp_aaa.StudentUSI as PK1a_StudentUSI
from 
	EdFi.Ods.Entities.NHibernate.QueryModels.StudentSchoolAssociationAggregate.EdFi.StudentSchoolAssociationQ comp_aaa
	join comp_aaa.School comp_aab
where comp_aaa.Id = :Id
order by comp_aaa.EntryDate,
	comp_aaa.SchoolId,
	comp_aaa.StudentUSI
HQL:
select 
	comp_aaa.Id As __BaseEntityId__,
	comp_aaa.EntryDate as PK1a_EntryDate,
	comp_aaa.SchoolId as PK1a_SchoolId,
	comp_aaa.StudentUSI as PK1a_StudentUSI,
	comp_aad.SchoolCategoryDescriptorId as PK2a_SchoolCategoryDescriptorId,
	comp_aae.Namespace as schoolCategoryDescriptor__Namespace,
	comp_aae.CodeValue as schoolCategoryDescriptor
from 
	EdFi.Ods.Entities.NHibernate.QueryModels.StudentSchoolAssociationAggregate.EdFi.StudentSchoolAssociationQ comp_aaa
	join comp_aaa.School comp_aac
	join comp_aac.SchoolCategories comp_aad
		left join comp_aad.SchoolCategoryDescriptor comp_aae 
where comp_aaa.Id IN (:BaseEntityId)
order by comp_aaa.EntryDate,
	comp_aaa.SchoolId,
	comp_aaa.StudentUSI,
	comp_aad.SchoolCategoryDescriptorId
HQL:
select 
	comp_aaa.Id As __BaseEntityId__,
	comp_aaa.EntryDate as PK1a_EntryDate,
	comp_aaa.SchoolId as PK1a_SchoolId,
	comp_aaa.StudentUSI as PK1a_StudentUSI,
	comp_aaf.GradeLevelDescriptorId as PK2b_GradeLevelDescriptorId,
	comp_aag.Namespace as gradeLevelDescriptor__Namespace,
	comp_aag.CodeValue as gradeLevelDescriptor
from 
	EdFi.Ods.Entities.NHibernate.QueryModels.StudentSchoolAssociationAggregate.EdFi.StudentSchoolAssociationQ comp_aaa
	join comp_aaa.School comp_aac
	join comp_aac.SchoolGradeLevels comp_aaf
		left join comp_aaf.GradeLevelDescriptor comp_aag 
where comp_aaa.Id IN (:BaseEntityId)
order by comp_aaa.EntryDate,
	comp_aaa.SchoolId,
	comp_aaa.StudentUSI,
	comp_aaf.GradeLevelDescriptorId