HQL:
select 
	comp_aaa.Id As __BaseEntityId__,
	comp_aaa.EntryDate as PK1a_EntryDate,
	comp_aaa.SchoolId as PK1a_SchoolId,
	comp_aaa.StudentUSI as PK1a_StudentUSI,
	comp_aad.Namespace as localEducationAgencyCategoryDescriptor__Namespace,
	comp_aad.CodeValue as localEducationAgencyCategoryDescriptor
from 
	EdFi.Ods.Entities.NHibernate.QueryModels.StudentSchoolAssociationAggregate.EdFi.StudentSchoolAssociationQ comp_aaa
	join comp_aaa.School comp_aab
	join comp_aab.LocalEducationAgency comp_aac
		left join comp_aac.LocalEducationAgencyCategoryDescriptor comp_aad 
where comp_aaa.Id = :Id
order by comp_aaa.EntryDate,
	comp_aaa.SchoolId,
	comp_aaa.StudentUSI