HQL:
select distinct 
	comp_aaa.StaffUSI As __BaseEntityId__,
	comp_aaa.StaffUSI as PK1a_StaffUSI,
	comp_aaa.Id as id,
	comp_aaa.StaffUniqueId as staffUniqueId,
	comp_aaa.PersonalTitlePrefix as personalTitlePrefix,
	comp_aaa.FirstName as firstName,
	comp_aaa.LastSurname as lastSurname,
	comp_aaa.LoginId as loginId,
	comp_aah.Namespace as sexDescriptor__Namespace,
	comp_aah.CodeValue as sexDescriptor,
	comp_aaa.HispanicLatinoEthnicity as hispanicLatinoEthnicity
from 
	EdFi.Ods.Entities.NHibernate.QueryModels.StaffAggregate.EdFi.StaffQ comp_aaa
		left join comp_aaa.SexDescriptor comp_aah 
	join comp_aaa.StaffSectionAssociations comp_aab
	join comp_aab.Section comp_aac
	join comp_aac.CourseOffering comp_aad
	join comp_aad.Session comp_aae
	join comp_aae.School comp_aaf
	join comp_aaf.LocalEducationAgency comp_aag
where comp_aag.Id = :LocalEducationAgency_Id
order by comp_aaa.StaffUSI
HQL:
select 
	comp_aaa.StaffUSI As __BaseEntityId__,
	comp_aaa.StaffUSI as PK1a_StaffUSI,
	comp_aai.ElectronicMailAddress as PK2a_ElectronicMailAddress,
	comp_aai.ElectronicMailTypeDescriptorId as PK2a_ElectronicMailTypeDescriptorId,
	comp_aaj.Namespace as electronicMailTypeDescriptor__Namespace,
	comp_aaj.CodeValue as electronicMailTypeDescriptor,
	comp_aai.ElectronicMailAddress as electronicMailAddress
from 
	EdFi.Ods.Entities.NHibernate.QueryModels.StaffAggregate.EdFi.StaffQ comp_aaa
	join comp_aaa.StaffElectronicMails comp_aai
		left join comp_aai.ElectronicMailTypeDescriptor comp_aaj 
where comp_aaa.StaffUSI IN (:BaseEntityId)
order by comp_aaa.StaffUSI,
	comp_aai.ElectronicMailAddress,
	comp_aai.ElectronicMailTypeDescriptorId
HQL:
select 
	comp_aaa.StaffUSI As __BaseEntityId__,
	comp_aaa.StaffUSI as PK1a_StaffUSI,
	comp_aak.StaffIdentificationSystemDescriptorId as PK2b_StaffIdentificationSystemDescriptorId,
	comp_aal.Namespace as staffIdentificationSystemDescriptor__Namespace,
	comp_aal.CodeValue as staffIdentificationSystemDescriptor,
	comp_aak.IdentificationCode as identificationCode
from 
	EdFi.Ods.Entities.NHibernate.QueryModels.StaffAggregate.EdFi.StaffQ comp_aaa
	join comp_aaa.StaffIdentificationCodes comp_aak
		left join comp_aak.StaffIdentificationSystemDescriptor comp_aal 
where comp_aaa.StaffUSI IN (:BaseEntityId)
order by comp_aaa.StaffUSI,
	comp_aak.StaffIdentificationSystemDescriptorId
HQL:
select 
	comp_aaa.StaffUSI As __BaseEntityId__,
	comp_aaa.StaffUSI as PK1a_StaffUSI,
	comp_aam.LanguageDescriptorId as PK2c_LanguageDescriptorId,
	comp_aan.Namespace as languageDescriptor__Namespace,
	comp_aan.CodeValue as languageDescriptor
from 
	EdFi.Ods.Entities.NHibernate.QueryModels.StaffAggregate.EdFi.StaffQ comp_aaa
	join comp_aaa.StaffLanguages comp_aam
		left join comp_aam.LanguageDescriptor comp_aan 
where comp_aaa.StaffUSI IN (:BaseEntityId)
order by comp_aaa.StaffUSI,
	comp_aam.LanguageDescriptorId
HQL:
select 
	comp_aaa.StaffUSI As __BaseEntityId__,
	comp_aaa.StaffUSI as PK1a_StaffUSI,
	comp_aao.RaceDescriptorId as PK2d_RaceDescriptorId,
	comp_aap.Namespace as raceDescriptor__Namespace,
	comp_aap.CodeValue as raceDescriptor
from 
	EdFi.Ods.Entities.NHibernate.QueryModels.StaffAggregate.EdFi.StaffQ comp_aaa
	join comp_aaa.StaffRaces comp_aao
		left join comp_aao.RaceDescriptor comp_aap 
where comp_aaa.StaffUSI IN (:BaseEntityId)
order by comp_aaa.StaffUSI,
	comp_aao.RaceDescriptorId
HQL:
select 
	comp_aaa.StaffUSI As __BaseEntityId__,
	comp_aaa.StaffUSI as PK1a_StaffUSI,
	comp_aaq.TelephoneNumber as PK2e_TelephoneNumber,
	comp_aaq.TelephoneNumberTypeDescriptorId as PK2e_TelephoneNumberTypeDescriptorId,
	comp_aar.Namespace as telephoneNumberTypeDescriptor__Namespace,
	comp_aar.CodeValue as telephoneNumberTypeDescriptor,
	comp_aaq.OrderOfPriority as orderOfPriority,
	comp_aaq.TelephoneNumber as telephoneNumber
from 
	EdFi.Ods.Entities.NHibernate.QueryModels.StaffAggregate.EdFi.StaffQ comp_aaa
	join comp_aaa.StaffTelephones comp_aaq
		left join comp_aaq.TelephoneNumberTypeDescriptor comp_aar 
where comp_aaa.StaffUSI IN (:BaseEntityId)
order by comp_aaa.StaffUSI,
	comp_aaq.TelephoneNumber,
	comp_aaq.TelephoneNumberTypeDescriptorId
HQL:
select 
	comp_aaa.StaffUSI As __BaseEntityId__,
	comp_aaa.StaffUSI as PK1a_StaffUSI,
	comp_aas.BeginDate as PK2f_BeginDate,
	comp_aas.EducationOrganizationId as PK2f_EducationOrganizationId,
	comp_aas.StaffClassificationDescriptorId as PK2f_StaffClassificationDescriptorId,
	comp_aat.Namespace as staffClassificationDescriptor__Namespace,
	comp_aat.CodeValue as staffClassificationDescriptor,
	comp_aau.Discriminator as educationOrganizationType__PassThrough,
	comp_aau.EducationOrganizationId as educationOrganizationId
from 
	EdFi.Ods.Entities.NHibernate.QueryModels.StaffAggregate.EdFi.StaffQ comp_aaa
	join comp_aaa.StaffEducationOrganizationAssignmentAssociations comp_aas
		left join comp_aas.StaffClassificationDescriptor comp_aat 
	join comp_aas.EducationOrganization comp_aau
where comp_aaa.StaffUSI IN (:BaseEntityId)
order by comp_aaa.StaffUSI,
	comp_aas.BeginDate,
	comp_aas.EducationOrganizationId,
	comp_aas.StaffClassificationDescriptorId