HQL:
select 
	comp_aaa.SchoolId As __BaseEntityId__,
	comp_aaa.SchoolId as PK1a_SchoolId,
	comp_aaa.Id as id,
	comp_aaa.SchoolId as schoolId,
	comp_aaa.NameOfInstitution as nameOfInstitution,
	comp_aaa.ShortNameOfInstitution as shortNameOfInstitution,
	comp_aaa.WebSite as webSite,
	comp_aab.Namespace as schoolTypeDescriptor__Namespace,
	comp_aab.CodeValue as schoolTypeDescriptor
from 
	EdFi.Ods.Entities.NHibernate.QueryModels.SchoolAggregate.EdFi.SchoolQ comp_aaa
		left join comp_aaa.SchoolTypeDescriptor comp_aab 
where comp_aaa.Id = :Id
order by comp_aaa.SchoolId
HQL:
select 
	comp_aaa.SchoolId As __BaseEntityId__,
	comp_aaa.SchoolId as PK1a_SchoolId,
	comp_aac.AddressTypeDescriptorId as PK2a_AddressTypeDescriptorId,
	comp_aac.City as PK2a_City,
	comp_aac.PostalCode as PK2a_PostalCode,
	comp_aac.StateAbbreviationDescriptorId as PK2a_StateAbbreviationDescriptorId,
	comp_aac.StreetNumberName as PK2a_StreetNumberName,
	comp_aad.Namespace as addressTypeDescriptor__Namespace,
	comp_aad.CodeValue as addressTypeDescriptor,
	comp_aac.StreetNumberName as streetNumberName,
	comp_aac.City as city,
	comp_aae.Namespace as stateAbbreviationDescriptor__Namespace,
	comp_aae.CodeValue as stateAbbreviationDescriptor,
	comp_aac.PostalCode as postalCode,
	comp_aac.NameOfCounty as nameOfCounty
from 
	EdFi.Ods.Entities.NHibernate.QueryModels.SchoolAggregate.EdFi.SchoolQ comp_aaa
	join comp_aaa.EducationOrganizationAddresses comp_aac
		left join comp_aac.AddressTypeDescriptor comp_aad 
		left join comp_aac.StateAbbreviationDescriptor comp_aae 
where comp_aaa.SchoolId IN (:BaseEntityId)
order by comp_aaa.SchoolId,
	comp_aac.AddressTypeDescriptorId,
	comp_aac.City,
	comp_aac.PostalCode,
	comp_aac.StateAbbreviationDescriptorId,
	comp_aac.StreetNumberName
HQL:
select 
	comp_aaa.SchoolId As __BaseEntityId__,
	comp_aaa.SchoolId as PK1a_SchoolId,
	comp_aaf.EducationOrganizationCategoryDescriptorId as PK2b_EducationOrganizationCategoryDescriptorId,
	comp_aag.Namespace as category__Namespace,
	comp_aag.CodeValue as category
from 
	EdFi.Ods.Entities.NHibernate.QueryModels.SchoolAggregate.EdFi.SchoolQ comp_aaa
	join comp_aaa.EducationOrganizationCategories comp_aaf
		left join comp_aaf.EducationOrganizationCategoryDescriptor comp_aag 
where comp_aaa.SchoolId IN (:BaseEntityId)
order by comp_aaa.SchoolId,
	comp_aaf.EducationOrganizationCategoryDescriptorId
HQL:
select 
	comp_aaa.SchoolId As __BaseEntityId__,
	comp_aaa.SchoolId as PK1a_SchoolId,
	comp_aah.EducationOrganizationIdentificationSystemDescriptorId as PK2c_EducationOrganizationIdentificationSystemDescriptorId,
	comp_aai.Namespace as educationOrganizationIdentificationSystemDescriptor__Namespace,
	comp_aai.CodeValue as educationOrganizationIdentificationSystemDescriptor,
	comp_aah.IdentificationCode as identificationCode
from 
	EdFi.Ods.Entities.NHibernate.QueryModels.SchoolAggregate.EdFi.SchoolQ comp_aaa
	join comp_aaa.EducationOrganizationIdentificationCodes comp_aah
		left join comp_aah.EducationOrganizationIdentificationSystemDescriptor comp_aai 
where comp_aaa.SchoolId IN (:BaseEntityId)
order by comp_aaa.SchoolId,
	comp_aah.EducationOrganizationIdentificationSystemDescriptorId
HQL:
select 
	comp_aaa.SchoolId As __BaseEntityId__,
	comp_aaa.SchoolId as PK1a_SchoolId,
	comp_aaj.InstitutionTelephoneNumberTypeDescriptorId as PK2d_InstitutionTelephoneNumberTypeDescriptorId,
	comp_aak.Namespace as institutionTelephoneNumberTypeDescriptor__Namespace,
	comp_aak.CodeValue as institutionTelephoneNumberTypeDescriptor,
	comp_aaj.TelephoneNumber as telephoneNumber
from 
	EdFi.Ods.Entities.NHibernate.QueryModels.SchoolAggregate.EdFi.SchoolQ comp_aaa
	join comp_aaa.EducationOrganizationInstitutionTelephones comp_aaj
		left join comp_aaj.InstitutionTelephoneNumberTypeDescriptor comp_aak 
where comp_aaa.SchoolId IN (:BaseEntityId)
order by comp_aaa.SchoolId,
	comp_aaj.InstitutionTelephoneNumberTypeDescriptorId
HQL:
select 
	comp_aaa.SchoolId As __BaseEntityId__,
	comp_aaa.SchoolId as PK1a_SchoolId,
	comp_aal.SchoolCategoryDescriptorId as PK2e_SchoolCategoryDescriptorId,
	comp_aam.Namespace as category__Namespace,
	comp_aam.CodeValue as category
from 
	EdFi.Ods.Entities.NHibernate.QueryModels.SchoolAggregate.EdFi.SchoolQ comp_aaa
	join comp_aaa.SchoolCategories comp_aal
		left join comp_aal.SchoolCategoryDescriptor comp_aam 
where comp_aaa.SchoolId IN (:BaseEntityId)
order by comp_aaa.SchoolId,
	comp_aal.SchoolCategoryDescriptorId
HQL:
select 
	comp_aaa.SchoolId As __BaseEntityId__,
	comp_aaa.SchoolId as PK1a_SchoolId,
	comp_aan.GradeLevelDescriptorId as PK2f_GradeLevelDescriptorId,
	comp_aao.Namespace as gradeLevelDescriptor__Namespace,
	comp_aao.CodeValue as gradeLevelDescriptor
from 
	EdFi.Ods.Entities.NHibernate.QueryModels.SchoolAggregate.EdFi.SchoolQ comp_aaa
	join comp_aaa.SchoolGradeLevels comp_aan
		left join comp_aan.GradeLevelDescriptor comp_aao 
where comp_aaa.SchoolId IN (:BaseEntityId)
order by comp_aaa.SchoolId,
	comp_aan.GradeLevelDescriptorId
HQL:
select 
	comp_aaa.SchoolId As __BaseEntityId__,
	comp_aaa.SchoolId as PK1a_SchoolId,
	comp_aap.Id as id,
	comp_aap.LocalEducationAgencyId as localEducationAgencyId
from 
	EdFi.Ods.Entities.NHibernate.QueryModels.SchoolAggregate.EdFi.SchoolQ comp_aaa
	join comp_aaa.LocalEducationAgency comp_aap
where comp_aaa.SchoolId IN (:BaseEntityId)
order by comp_aaa.SchoolId