HQL:
select 
	comp_aaa.Id As __BaseEntityId__,
	comp_aaa.AcademicSubjectDescriptorId as PK1a_AcademicSubjectDescriptorId,
	comp_aaa.AssessedGradeLevelDescriptorId as PK1a_AssessedGradeLevelDescriptorId,
	comp_aaa.AssessmentTitle as PK1a_AssessmentTitle,
	comp_aaa.AssessmentVersion as PK1a_AssessmentVersion,
	comp_aaa.Id as id,
	comp_aaa.AssessmentTitle as assessmentTitle,
	comp_aab.Namespace as academicSubjectDescriptor__Namespace,
	comp_aab.CodeValue as academicSubjectDescriptor,
	comp_aac.Namespace as assessedGradeLevelDescriptor__Namespace,
	comp_aac.CodeValue as assessedGradeLevelDescriptor,
	comp_aaa.AssessmentVersion as assessmentVersion,
	comp_aad.Namespace as assessmentCategoryDescriptor__Namespace,
	comp_aad.CodeValue as assessmentCategoryDescriptor,
	comp_aaa.AssessmentForm as assessmentForm,
	comp_aae.Namespace as lowestAssessedGradeLevelDescriptor__Namespace,
	comp_aae.CodeValue as lowestAssessedGradeLevelDescriptor,
	comp_aaa.MaxRawScore as maxRawScore,
	comp_aaa.Namespace as namespace,
	comp_aaa.Nomenclature as nomenclature,
	comp_aaa.RevisionDate as revisionDate
from 
	EdFi.Ods.Entities.NHibernate.QueryModels.AssessmentAggregate.EdFi.AssessmentQ comp_aaa
		left join comp_aaa.AcademicSubjectDescriptor comp_aab 
		left join comp_aaa.AssessedGradeLevelDescriptor comp_aac 
		left join comp_aaa.AssessmentCategoryDescriptor comp_aad 
		left join comp_aaa.LowestAssessedGradeLevelDescriptor comp_aae 
where comp_aaa.Id = :Id
order by comp_aaa.AcademicSubjectDescriptorId,
	comp_aaa.AssessedGradeLevelDescriptorId,
	comp_aaa.AssessmentTitle,
	comp_aaa.AssessmentVersion
HQL:
select 
	comp_aaa.Id As __BaseEntityId__,
	comp_aaa.AcademicSubjectDescriptorId as PK1a_AcademicSubjectDescriptorId,
	comp_aaa.AssessedGradeLevelDescriptorId as PK1a_AssessedGradeLevelDescriptorId,
	comp_aaa.AssessmentTitle as PK1a_AssessmentTitle,
	comp_aaa.AssessmentVersion as PK1a_AssessmentVersion,
	comp_aaf.AssessmentIdentificationSystemDescriptorId as PK2a_AssessmentIdentificationSystemDescriptorId,
	comp_aaf.AssigningOrganizationIdentificationCode as assigningOrganizationIdentificationCode,
	comp_aaf.IdentificationCode as identificationCode
from 
	EdFi.Ods.Entities.NHibernate.QueryModels.AssessmentAggregate.EdFi.AssessmentQ comp_aaa
	join comp_aaa.AssessmentIdentificationCodes comp_aaf
where comp_aaa.Id IN (:BaseEntityId)
order by comp_aaa.AcademicSubjectDescriptorId,
	comp_aaa.AssessedGradeLevelDescriptorId,
	comp_aaa.AssessmentTitle,
	comp_aaa.AssessmentVersion,
	comp_aaf.AssessmentIdentificationSystemDescriptorId
HQL:
select 
	comp_aaa.Id As __BaseEntityId__,
	comp_aaa.AcademicSubjectDescriptorId as PK1a_AcademicSubjectDescriptorId,
	comp_aaa.AssessedGradeLevelDescriptorId as PK1a_AssessedGradeLevelDescriptorId,
	comp_aaa.AssessmentTitle as PK1a_AssessmentTitle,
	comp_aaa.AssessmentVersion as PK1a_AssessmentVersion,
	comp_aag.AssessmentReportingMethodDescriptorId as PK2b_AssessmentReportingMethodDescriptorId,
	comp_aag.PerformanceLevelDescriptorId as PK2b_PerformanceLevelDescriptorId,
	comp_aag.MinimumScore as minimumScore,
	comp_aag.MaximumScore as maximumScore,
	comp_aah.Namespace as resultDatatypeTypeDescriptor__Namespace,
	comp_aah.CodeValue as resultDatatypeTypeDescriptor
from 
	EdFi.Ods.Entities.NHibernate.QueryModels.AssessmentAggregate.EdFi.AssessmentQ comp_aaa
	join comp_aaa.AssessmentPerformanceLevels comp_aag
		left join comp_aag.ResultDatatypeTypeDescriptor comp_aah 
where comp_aaa.Id IN (:BaseEntityId)
order by comp_aaa.AcademicSubjectDescriptorId,
	comp_aaa.AssessedGradeLevelDescriptorId,
	comp_aaa.AssessmentTitle,
	comp_aaa.AssessmentVersion,
	comp_aag.AssessmentReportingMethodDescriptorId,
	comp_aag.PerformanceLevelDescriptorId
HQL:
select 
	comp_aaa.Id As __BaseEntityId__,
	comp_aaa.AcademicSubjectDescriptorId as PK1a_AcademicSubjectDescriptorId,
	comp_aaa.AssessedGradeLevelDescriptorId as PK1a_AssessedGradeLevelDescriptorId,
	comp_aaa.AssessmentTitle as PK1a_AssessmentTitle,
	comp_aaa.AssessmentVersion as PK1a_AssessmentVersion,
	comp_aaj.Namespace as publicationStatusDescriptor__Namespace,
	comp_aaj.CodeValue as publicationStatusDescriptor,
	comp_aai.Title as title,
	comp_aai.Version as version,
	comp_aai.URI as uri,
	comp_aai.PublicationYear as publicationYear
from 
	EdFi.Ods.Entities.NHibernate.QueryModels.AssessmentAggregate.EdFi.AssessmentQ comp_aaa
	join comp_aaa.AssessmentContentStandard comp_aai
		left join comp_aai.PublicationStatusDescriptor comp_aaj 
where comp_aaa.Id IN (:BaseEntityId)
order by comp_aaa.AcademicSubjectDescriptorId,
	comp_aaa.AssessedGradeLevelDescriptorId,
	comp_aaa.AssessmentTitle,
	comp_aaa.AssessmentVersion
HQL:
select 
	comp_aaa.Id As __BaseEntityId__,
	comp_aaa.AcademicSubjectDescriptorId as PK1a_AcademicSubjectDescriptorId,
	comp_aaa.AssessedGradeLevelDescriptorId as PK1a_AssessedGradeLevelDescriptorId,
	comp_aaa.AssessmentTitle as PK1a_AssessmentTitle,
	comp_aaa.AssessmentVersion as PK1a_AssessmentVersion,
	comp_aak.Author as PK3a_Author,
	comp_aak.Author as author
from 
	EdFi.Ods.Entities.NHibernate.QueryModels.AssessmentAggregate.EdFi.AssessmentQ comp_aaa
	join comp_aaa.AssessmentContentStandard comp_aai
	join comp_aai.AssessmentContentStandardAuthors comp_aak
where comp_aaa.Id IN (:BaseEntityId)
order by comp_aaa.AcademicSubjectDescriptorId,
	comp_aaa.AssessedGradeLevelDescriptorId,
	comp_aaa.AssessmentTitle,
	comp_aaa.AssessmentVersion,
	comp_aak.Author
HQL:
select 
	comp_aaa.Id As __BaseEntityId__,
	comp_aaa.AcademicSubjectDescriptorId as PK1a_AcademicSubjectDescriptorId,
	comp_aaa.AssessedGradeLevelDescriptorId as PK1a_AssessedGradeLevelDescriptorId,
	comp_aaa.AssessmentTitle as PK1a_AssessmentTitle,
	comp_aaa.AssessmentVersion as PK1a_AssessmentVersion,
	comp_aal.IdentificationCode as PK2d_IdentificationCode,
	comp_aal.ParentIdentificationCode as H_ParentIdentificationCode,
	comp_aal.Id as id,
	comp_aal.IdentificationCode as identificationCode,
	comp_aal.Description as description,
	comp_aal.MaxRawScore as maxRawScore,
	comp_aal.Nomenclature as nomenclature,
	comp_aal.PercentOfAssessment as percentOfAssessment
from 
	EdFi.Ods.Entities.NHibernate.QueryModels.AssessmentAggregate.EdFi.AssessmentQ comp_aaa
	join comp_aaa.ObjectiveAssessmentsHierarchy comp_aal
where comp_aaa.Id IN (:BaseEntityId)
order by comp_aaa.AcademicSubjectDescriptorId,
	comp_aaa.AssessedGradeLevelDescriptorId,
	comp_aaa.AssessmentTitle,
	comp_aaa.AssessmentVersion
HQL:
select 
	comp_aaa.Id As __BaseEntityId__,
	comp_aaa.AcademicSubjectDescriptorId as PK1a_AcademicSubjectDescriptorId,
	comp_aaa.AssessedGradeLevelDescriptorId as PK1a_AssessedGradeLevelDescriptorId,
	comp_aaa.AssessmentTitle as PK1a_AssessmentTitle,
	comp_aaa.AssessmentVersion as PK1a_AssessmentVersion,
	comp_aal.IdentificationCode as PK2d_IdentificationCode,
	comp_aal.ParentIdentificationCode as H_ParentIdentificationCode,
	comp_aam.AssessmentReportingMethodDescriptorId as PK3a_AssessmentReportingMethodDescriptorId,
	comp_aam.PerformanceLevelDescriptorId as PK3a_PerformanceLevelDescriptorId,
	comp_aan.Namespace as performanceLevelDescriptor__Namespace,
	comp_aan.CodeValue as performanceLevelDescriptor,
	comp_aao.Namespace as assessmentReportingMethodDescriptor__Namespace,
	comp_aao.CodeValue as assessmentReportingMethodDescriptor,
	comp_aam.MinimumScore as minimumScore,
	comp_aam.MaximumScore as maximumScore,
	comp_aap.Namespace as resultDatatypeTypeDescriptor__Namespace,
	comp_aap.CodeValue as resultDatatypeTypeDescriptor
from 
	EdFi.Ods.Entities.NHibernate.QueryModels.AssessmentAggregate.EdFi.AssessmentQ comp_aaa
	join comp_aaa.ObjectiveAssessmentsHierarchy comp_aal
	join comp_aal.ObjectiveAssessmentPerformanceLevels comp_aam
		left join comp_aam.PerformanceLevelDescriptor comp_aan 
		left join comp_aam.AssessmentReportingMethodDescriptor comp_aao 
		left join comp_aam.ResultDatatypeTypeDescriptor comp_aap 
where comp_aaa.Id IN (:BaseEntityId)
order by comp_aaa.AcademicSubjectDescriptorId,
	comp_aaa.AssessedGradeLevelDescriptorId,
	comp_aaa.AssessmentTitle,
	comp_aaa.AssessmentVersion,
	comp_aam.AssessmentReportingMethodDescriptorId,
	comp_aam.PerformanceLevelDescriptorId
HQL:
select 
	comp_aaa.Id As __BaseEntityId__,
	comp_aaa.AcademicSubjectDescriptorId as PK1a_AcademicSubjectDescriptorId,
	comp_aaa.AssessedGradeLevelDescriptorId as PK1a_AssessedGradeLevelDescriptorId,
	comp_aaa.AssessmentTitle as PK1a_AssessmentTitle,
	comp_aaa.AssessmentVersion as PK1a_AssessmentVersion,
	comp_aal.IdentificationCode as PK2d_IdentificationCode,
	comp_aal.ParentIdentificationCode as H_ParentIdentificationCode,
	comp_aaq.Objective as PK3b_Objective,
	comp_aar.Id as id,
	comp_aar.Objective as objective,
	comp_aas.Namespace as objectiveGradeLevelDescriptor__Namespace,
	comp_aas.CodeValue as objectiveGradeLevelDescriptor,
	comp_aat.Namespace as academicSubjectDescriptor__Namespace,
	comp_aat.CodeValue as academicSubjectDescriptor
from 
	EdFi.Ods.Entities.NHibernate.QueryModels.AssessmentAggregate.EdFi.AssessmentQ comp_aaa
	join comp_aaa.ObjectiveAssessmentsHierarchy comp_aal
	join comp_aal.ObjectiveAssessmentLearningObjectives comp_aaq
	join comp_aaq.LearningObjective comp_aar
		left join comp_aar.ObjectiveGradeLevelDescriptor comp_aas 
		left join comp_aar.AcademicSubjectDescriptor comp_aat 
where comp_aaa.Id IN (:BaseEntityId)
order by comp_aaa.AcademicSubjectDescriptorId,
	comp_aaa.AssessedGradeLevelDescriptorId,
	comp_aaa.AssessmentTitle,
	comp_aaa.AssessmentVersion,
	comp_aaq.Objective
HQL:
select 
	comp_aaa.Id As __BaseEntityId__,
	comp_aaa.AcademicSubjectDescriptorId as PK1a_AcademicSubjectDescriptorId,
	comp_aaa.AssessedGradeLevelDescriptorId as PK1a_AssessedGradeLevelDescriptorId,
	comp_aaa.AssessmentTitle as PK1a_AssessmentTitle,
	comp_aaa.AssessmentVersion as PK1a_AssessmentVersion,
	comp_aal.IdentificationCode as PK2d_IdentificationCode,
	comp_aal.ParentIdentificationCode as H_ParentIdentificationCode,
	comp_aaq.Objective as PK3b_Objective,
	comp_aav.LearningStandardId as PK4a_LearningStandardId,
	comp_aaw.Id as id,
	comp_aaw.LearningStandardId as learningStandardId
from 
	EdFi.Ods.Entities.NHibernate.QueryModels.AssessmentAggregate.EdFi.AssessmentQ comp_aaa
	join comp_aaa.ObjectiveAssessmentsHierarchy comp_aal
	join comp_aal.ObjectiveAssessmentLearningObjectives comp_aaq
	join comp_aaq.LearningObjective comp_aau
	join comp_aau.LearningObjectiveLearningStandards comp_aav
	join comp_aav.LearningStandard comp_aaw
where comp_aaa.Id IN (:BaseEntityId)
order by comp_aaa.AcademicSubjectDescriptorId,
	comp_aaa.AssessedGradeLevelDescriptorId,
	comp_aaa.AssessmentTitle,
	comp_aaa.AssessmentVersion,
	comp_aaq.Objective,
	comp_aav.LearningStandardId
HQL:
select 
	comp_aaa.Id As __BaseEntityId__,
	comp_aaa.AcademicSubjectDescriptorId as PK1a_AcademicSubjectDescriptorId,
	comp_aaa.AssessedGradeLevelDescriptorId as PK1a_AssessedGradeLevelDescriptorId,
	comp_aaa.AssessmentTitle as PK1a_AssessmentTitle,
	comp_aaa.AssessmentVersion as PK1a_AssessmentVersion,
	comp_aal.IdentificationCode as PK2d_IdentificationCode,
	comp_aal.ParentIdentificationCode as H_ParentIdentificationCode,
	comp_aay.LearningStandardId as PK3c_LearningStandardId,
	comp_aaz.Id as id,
	comp_aaz.LearningStandardId as learningStandardId
from 
	EdFi.Ods.Entities.NHibernate.QueryModels.AssessmentAggregate.EdFi.AssessmentQ comp_aaa
	join comp_aaa.ObjectiveAssessmentsHierarchy comp_aal
	join comp_aal.ObjectiveAssessmentLearningStandards comp_aay
	join comp_aay.LearningStandard comp_aaz
where comp_aaa.Id IN (:BaseEntityId)
order by comp_aaa.AcademicSubjectDescriptorId,
	comp_aaa.AssessedGradeLevelDescriptorId,
	comp_aaa.AssessmentTitle,
	comp_aaa.AssessmentVersion,
	comp_aay.LearningStandardId