HQL:
select 
	comp_aaa.Id As __BaseEntityId__,
	comp_aaa.LocalCourseCode as PK1a_LocalCourseCode,
	comp_aaa.SchoolId as PK1a_SchoolId,
	comp_aaa.SchoolYear as PK1a_SchoolYear,
	comp_aaa.SectionIdentifier as PK1a_SectionIdentifier,
	comp_aaa.SessionName as PK1a_SessionName,
	comp_aaa.Id as id,
	comp_aaa.SectionIdentifier as sectionIdentifier,
	comp_aaa.SequenceOfCourse as sequenceOfCourse,
	comp_aaf.Namespace as educationalEnvironmentDescriptor__Namespace,
	comp_aaf.CodeValue as educationalEnvironmentDescriptor,
	comp_aaa.AvailableCredits as availableCredits,
	comp_aai.Namespace as academicSubjectDescriptor__Namespace,
	comp_aai.CodeValue as academicSubjectDescriptor,
	comp_aak.LocalCourseCode as localCourseCode,
	comp_aak.LocalCourseTitle as localCourseTitle
from 
	EdFi.Ods.Entities.NHibernate.QueryModels.SectionAggregate.EdFi.SectionQ comp_aaa
		left join comp_aaa.EducationalEnvironmentDescriptor comp_aaf 
	join comp_aaa.CourseOffering comp_aag
	join comp_aag.Course comp_aah
		left join comp_aah.AcademicSubjectDescriptor comp_aai 
	join comp_aaa.CourseOffering comp_aaj
	join comp_aaa.CourseOffering comp_aak
	join comp_aaa.CourseOffering comp_aab
	join comp_aab.Session comp_aac
	join comp_aac.School comp_aad
	join comp_aad.LocalEducationAgency comp_aae
where comp_aae.Id = :LocalEducationAgency_Id
order by comp_aaa.LocalCourseCode,
	comp_aaa.SchoolId,
	comp_aaa.SchoolYear,
	comp_aaa.SectionIdentifier,
	comp_aaa.SessionName
HQL:
select 
	comp_aaa.Id As __BaseEntityId__,
	comp_aaa.LocalCourseCode as PK1a_LocalCourseCode,
	comp_aaa.SchoolId as PK1a_SchoolId,
	comp_aaa.SchoolYear as PK1a_SchoolYear,
	comp_aaa.SectionIdentifier as PK1a_SectionIdentifier,
	comp_aaa.SessionName as PK1a_SessionName,
	comp_aal.ClassPeriodName as PK2a_ClassPeriodName,
	comp_aal.ClassPeriodName as classPeriodName
from 
	EdFi.Ods.Entities.NHibernate.QueryModels.SectionAggregate.EdFi.SectionQ comp_aaa
	join comp_aaa.SectionClassPeriods comp_aal
where comp_aaa.Id IN (:BaseEntityId)
order by comp_aaa.LocalCourseCode,
	comp_aaa.SchoolId,
	comp_aaa.SchoolYear,
	comp_aaa.SectionIdentifier,
	comp_aaa.SessionName,
	comp_aal.ClassPeriodName
HQL:
select 
	comp_aaa.Id As __BaseEntityId__,
	comp_aaa.LocalCourseCode as PK1a_LocalCourseCode,
	comp_aaa.SchoolId as PK1a_SchoolId,
	comp_aaa.SchoolYear as PK1a_SchoolYear,
	comp_aaa.SectionIdentifier as PK1a_SectionIdentifier,
	comp_aaa.SessionName as PK1a_SessionName,
	comp_aam.StaffUSI as PK2b_StaffUSI,
	comp_aan.Id as id,
	comp_aan.StaffUniqueId as staffUniqueId
from 
	EdFi.Ods.Entities.NHibernate.QueryModels.SectionAggregate.EdFi.SectionQ comp_aaa
	join comp_aaa.StaffSectionAssociations comp_aam
	join comp_aam.Staff comp_aan
where comp_aaa.Id IN (:BaseEntityId)
order by comp_aaa.LocalCourseCode,
	comp_aaa.SchoolId,
	comp_aaa.SchoolYear,
	comp_aaa.SectionIdentifier,
	comp_aaa.SessionName,
	comp_aam.StaffUSI
HQL:
select 
	comp_aaa.Id As __BaseEntityId__,
	comp_aaa.LocalCourseCode as PK1a_LocalCourseCode,
	comp_aaa.SchoolId as PK1a_SchoolId,
	comp_aaa.SchoolYear as PK1a_SchoolYear,
	comp_aaa.SectionIdentifier as PK1a_SectionIdentifier,
	comp_aaa.SessionName as PK1a_SessionName,
	comp_aap.BeginDate as PK2c_BeginDate,
	comp_aap.StudentUSI as PK2c_StudentUSI,
	comp_aap.BeginDate as enrollmentBeginDate,
	comp_aap.EndDate as enrollmentEndDate,
	comp_aaq.Id as id,
	comp_aaq.StudentUniqueId as studentUniqueId
from 
	EdFi.Ods.Entities.NHibernate.QueryModels.SectionAggregate.EdFi.SectionQ comp_aaa
	join comp_aaa.StudentSectionAssociations comp_aap
	join comp_aap.Student comp_aaq
where comp_aaa.Id IN (:BaseEntityId)
order by comp_aaa.LocalCourseCode,
	comp_aaa.SchoolId,
	comp_aaa.SchoolYear,
	comp_aaa.SectionIdentifier,
	comp_aaa.SessionName,
	comp_aap.BeginDate,
	comp_aap.StudentUSI
HQL:
select 
	comp_aaa.Id As __BaseEntityId__,
	comp_aaa.LocalCourseCode as PK1a_LocalCourseCode,
	comp_aaa.SchoolId as PK1a_SchoolId,
	comp_aaa.SchoolYear as PK1a_SchoolYear,
	comp_aaa.SectionIdentifier as PK1a_SectionIdentifier,
	comp_aaa.SessionName as PK1a_SessionName,
	comp_aav.Id as id,
	comp_aav.SchoolId as schoolId,
	comp_aav.SchoolYear as schoolYear,
	comp_aaw.Namespace as termDescriptor__Namespace,
	comp_aaw.CodeValue as termDescriptor,
	comp_aav.SessionName as sessionName,
	comp_aav.BeginDate as beginDate,
	comp_aav.EndDate as endDate,
	comp_aav.TotalInstructionalDays as totalInstructionalDays
from 
	EdFi.Ods.Entities.NHibernate.QueryModels.SectionAggregate.EdFi.SectionQ comp_aaa
	join comp_aaa.CourseOffering comp_aas
	join comp_aas.Course comp_aat
	join comp_aaa.CourseOffering comp_aau
	join comp_aau.Session comp_aav
		left join comp_aav.TermDescriptor comp_aaw 
where comp_aaa.Id IN (:BaseEntityId)
order by comp_aaa.LocalCourseCode,
	comp_aaa.SchoolId,
	comp_aaa.SchoolYear,
	comp_aaa.SectionIdentifier,
	comp_aaa.SessionName
HQL:
select 
	comp_aaa.Id As __BaseEntityId__,
	comp_aaa.LocalCourseCode as PK1a_LocalCourseCode,
	comp_aaa.SchoolId as PK1a_SchoolId,
	comp_aaa.SchoolYear as PK1a_SchoolYear,
	comp_aaa.SectionIdentifier as PK1a_SectionIdentifier,
	comp_aaa.SessionName as PK1a_SessionName,
	comp_aay.Id as id,
	comp_aay.SchoolId as schoolId,
	comp_aay.ClassroomIdentificationCode as classroomIdentificationCode
from 
	EdFi.Ods.Entities.NHibernate.QueryModels.SectionAggregate.EdFi.SectionQ comp_aaa
	join comp_aaa.CourseOffering comp_aas
	join comp_aas.Course comp_aat
	join comp_aaa.CourseOffering comp_aau
	join comp_aaa.CourseOffering comp_aax
	join comp_aaa.Location comp_aay
where comp_aaa.Id IN (:BaseEntityId)
order by comp_aaa.LocalCourseCode,
	comp_aaa.SchoolId,
	comp_aaa.SchoolYear,
	comp_aaa.SectionIdentifier,
	comp_aaa.SessionName