HQL:
select distinct 
	comp_aaa.StaffUSI As __BaseEntityId__,
	comp_aaa.StaffUSI as PK1a_StaffUSI,
	comp_aaa.Id as id,
	comp_aaa.StaffUniqueId as staffUniqueId,
	comp_aaa.PersonalTitlePrefix as personalTitlePrefix,
	comp_aaa.FirstName as firstName,
	comp_aaa.LastSurname as lastSurname,
	comp_aaa.LoginId as loginId,
	comp_aad.Namespace as sexDescriptor__Namespace,
	comp_aad.CodeValue as sexDescriptor,
	comp_aaa.HispanicLatinoEthnicity as hispanicLatinoEthnicity
from 
	EdFi.Ods.Entities.NHibernate.QueryModels.StaffAggregate.EdFi.StaffQ comp_aaa
		left join comp_aaa.SexDescriptor comp_aad 
	join comp_aaa.StaffSectionAssociations comp_aab
	join comp_aab.Section comp_aac
where comp_aac.Id = :Section_Id
order by comp_aaa.StaffUSI
HQL:
select 
	comp_aaa.StaffUSI As __BaseEntityId__,
	comp_aaa.StaffUSI as PK1a_StaffUSI,
	comp_aae.ElectronicMailAddress as PK2a_ElectronicMailAddress,
	comp_aae.ElectronicMailTypeDescriptorId as PK2a_ElectronicMailTypeDescriptorId,
	comp_aaf.Namespace as electronicMailTypeDescriptor__Namespace,
	comp_aaf.CodeValue as electronicMailTypeDescriptor,
	comp_aae.ElectronicMailAddress as electronicMailAddress
from 
	EdFi.Ods.Entities.NHibernate.QueryModels.StaffAggregate.EdFi.StaffQ comp_aaa
	join comp_aaa.StaffElectronicMails comp_aae
		left join comp_aae.ElectronicMailTypeDescriptor comp_aaf 
where comp_aaa.StaffUSI IN (:BaseEntityId)
order by comp_aaa.StaffUSI,
	comp_aae.ElectronicMailAddress,
	comp_aae.ElectronicMailTypeDescriptorId
HQL:
select 
	comp_aaa.StaffUSI As __BaseEntityId__,
	comp_aaa.StaffUSI as PK1a_StaffUSI,
	comp_aag.StaffIdentificationSystemDescriptorId as PK2b_StaffIdentificationSystemDescriptorId,
	comp_aah.Namespace as staffIdentificationSystemDescriptor__Namespace,
	comp_aah.CodeValue as staffIdentificationSystemDescriptor,
	comp_aag.IdentificationCode as identificationCode
from 
	EdFi.Ods.Entities.NHibernate.QueryModels.StaffAggregate.EdFi.StaffQ comp_aaa
	join comp_aaa.StaffIdentificationCodes comp_aag
		left join comp_aag.StaffIdentificationSystemDescriptor comp_aah 
where comp_aaa.StaffUSI IN (:BaseEntityId)
order by comp_aaa.StaffUSI,
	comp_aag.StaffIdentificationSystemDescriptorId
HQL:
select 
	comp_aaa.StaffUSI As __BaseEntityId__,
	comp_aaa.StaffUSI as PK1a_StaffUSI,
	comp_aai.LanguageDescriptorId as PK2c_LanguageDescriptorId,
	comp_aaj.Namespace as languageDescriptor__Namespace,
	comp_aaj.CodeValue as languageDescriptor
from 
	EdFi.Ods.Entities.NHibernate.QueryModels.StaffAggregate.EdFi.StaffQ comp_aaa
	join comp_aaa.StaffLanguages comp_aai
		left join comp_aai.LanguageDescriptor comp_aaj 
where comp_aaa.StaffUSI IN (:BaseEntityId)
order by comp_aaa.StaffUSI,
	comp_aai.LanguageDescriptorId
HQL:
select 
	comp_aaa.StaffUSI As __BaseEntityId__,
	comp_aaa.StaffUSI as PK1a_StaffUSI,
	comp_aak.RaceDescriptorId as PK2d_RaceDescriptorId,
	comp_aal.Namespace as raceDescriptor__Namespace,
	comp_aal.CodeValue as raceDescriptor
from 
	EdFi.Ods.Entities.NHibernate.QueryModels.StaffAggregate.EdFi.StaffQ comp_aaa
	join comp_aaa.StaffRaces comp_aak
		left join comp_aak.RaceDescriptor comp_aal 
where comp_aaa.StaffUSI IN (:BaseEntityId)
order by comp_aaa.StaffUSI,
	comp_aak.RaceDescriptorId
HQL:
select 
	comp_aaa.StaffUSI As __BaseEntityId__,
	comp_aaa.StaffUSI as PK1a_StaffUSI,
	comp_aam.TelephoneNumber as PK2e_TelephoneNumber,
	comp_aam.TelephoneNumberTypeDescriptorId as PK2e_TelephoneNumberTypeDescriptorId,
	comp_aan.Namespace as telephoneNumberTypeDescriptor__Namespace,
	comp_aan.CodeValue as telephoneNumberTypeDescriptor,
	comp_aam.OrderOfPriority as orderOfPriority,
	comp_aam.TelephoneNumber as telephoneNumber
from 
	EdFi.Ods.Entities.NHibernate.QueryModels.StaffAggregate.EdFi.StaffQ comp_aaa
	join comp_aaa.StaffTelephones comp_aam
		left join comp_aam.TelephoneNumberTypeDescriptor comp_aan 
where comp_aaa.StaffUSI IN (:BaseEntityId)
order by comp_aaa.StaffUSI,
	comp_aam.TelephoneNumber,
	comp_aam.TelephoneNumberTypeDescriptorId
HQL:
select 
	comp_aaa.StaffUSI As __BaseEntityId__,
	comp_aaa.StaffUSI as PK1a_StaffUSI,
	comp_aao.BeginDate as PK2f_BeginDate,
	comp_aao.EducationOrganizationId as PK2f_EducationOrganizationId,
	comp_aao.StaffClassificationDescriptorId as PK2f_StaffClassificationDescriptorId,
	comp_aap.Namespace as staffClassificationDescriptor__Namespace,
	comp_aap.CodeValue as staffClassificationDescriptor,
	comp_aaq.Discriminator as educationOrganizationType__PassThrough,
	comp_aaq.EducationOrganizationId as educationOrganizationId
from 
	EdFi.Ods.Entities.NHibernate.QueryModels.StaffAggregate.EdFi.StaffQ comp_aaa
	join comp_aaa.StaffEducationOrganizationAssignmentAssociations comp_aao
		left join comp_aao.StaffClassificationDescriptor comp_aap 
	join comp_aao.EducationOrganization comp_aaq
where comp_aaa.StaffUSI IN (:BaseEntityId)
order by comp_aaa.StaffUSI,
	comp_aao.BeginDate,
	comp_aao.EducationOrganizationId,
	comp_aao.StaffClassificationDescriptorId