HQL:
select distinct 
	comp_aaa.StudentUSI As __BaseEntityId__,
	comp_aaa.StudentUSI as PK1a_StudentUSI,
	comp_aaa.Id as id,
	comp_aaa.StudentUniqueId as studentUniqueId,
	comp_aaa.PersonalTitlePrefix as personalTitlePrefix,
	comp_aaa.FirstName as firstName,
	comp_aaa.MiddleName as middleName,
	comp_aaa.LastSurname as lastSurname,
	comp_aaa.BirthDate as birthDate
from 
	EdFi.Ods.Entities.NHibernate.QueryModels.StudentAggregate.EdFi.StudentQ comp_aaa
	join comp_aaa.StudentSchoolAssociations comp_aab
	join comp_aab.School comp_aac
	join comp_aac.LocalEducationAgency comp_aad
where comp_aad.Id = :LocalEducationAgency_Id
order by comp_aaa.StudentUSI
HQL:
select 
	comp_aaa.StudentUSI As __BaseEntityId__,
	comp_aaa.StudentUSI as PK1a_StudentUSI,
	comp_aae.EntryDate as PK2a_EntryDate,
	comp_aae.SchoolId as PK2a_SchoolId,
	comp_aaf.Namespace as entryGradeLevelDescriptor__Namespace,
	comp_aaf.CodeValue as entryGradeLevelDescriptor,
	comp_aae.EntryDate as enrollmentBeginDate,
	comp_aae.ExitWithdrawDate as enrollmentEndDate,
	comp_aag.Id as id,
	comp_aag.SchoolId as schoolId,
	comp_aag.NameOfInstitution as nameOfInstitution
from 
	EdFi.Ods.Entities.NHibernate.QueryModels.StudentAggregate.EdFi.StudentQ comp_aaa
	join comp_aaa.StudentSchoolAssociations comp_aae
		left join comp_aae.EntryGradeLevelDescriptor comp_aaf 
	join comp_aae.School comp_aag
where comp_aaa.StudentUSI IN (:BaseEntityId)
order by comp_aaa.StudentUSI,
	comp_aae.EntryDate,
	comp_aae.SchoolId
HQL:
select 
	comp_aaa.StudentUSI As __BaseEntityId__,
	comp_aaa.StudentUSI as PK1a_StudentUSI,
	comp_aai.EducationOrganizationId as PK2b_EducationOrganizationId,
	comp_aai.LoginId as loginId,
	comp_aaj.Namespace as sexDescriptor__Namespace,
	comp_aaj.CodeValue as sexDescriptor,
	comp_aai.HispanicLatinoEthnicity as hispanicLatinoEthnicity,
	comp_aak.Discriminator as educationOrganizationType__PassThrough,
	comp_aak.EducationOrganizationId as educationOrganizationId
from 
	EdFi.Ods.Entities.NHibernate.QueryModels.StudentAggregate.EdFi.StudentQ comp_aaa
	join comp_aaa.StudentEducationOrganizationAssociations comp_aai
		left join comp_aai.SexDescriptor comp_aaj 
	join comp_aai.EducationOrganization comp_aak
where comp_aaa.StudentUSI IN (:BaseEntityId)
order by comp_aaa.StudentUSI,
	comp_aai.EducationOrganizationId
HQL:
select 
	comp_aaa.StudentUSI As __BaseEntityId__,
	comp_aaa.StudentUSI as PK1a_StudentUSI,
	comp_aai.EducationOrganizationId as PK2b_EducationOrganizationId,
	comp_aal.LanguageDescriptorId as PK3a_LanguageDescriptorId,
	comp_aam.Namespace as languageDescriptor__Namespace,
	comp_aam.CodeValue as languageDescriptor
from 
	EdFi.Ods.Entities.NHibernate.QueryModels.StudentAggregate.EdFi.StudentQ comp_aaa
	join comp_aaa.StudentEducationOrganizationAssociations comp_aai
	join comp_aai.StudentEducationOrganizationAssociationLanguages comp_aal
		left join comp_aal.LanguageDescriptor comp_aam 
where comp_aaa.StudentUSI IN (:BaseEntityId)
order by comp_aaa.StudentUSI,
	comp_aai.EducationOrganizationId,
	comp_aal.LanguageDescriptorId
HQL:
select 
	comp_aaa.StudentUSI As __BaseEntityId__,
	comp_aaa.StudentUSI as PK1a_StudentUSI,
	comp_aai.EducationOrganizationId as PK2b_EducationOrganizationId,
	comp_aan.RaceDescriptorId as PK3b_RaceDescriptorId,
	comp_aao.Namespace as raceDescriptor__Namespace,
	comp_aao.CodeValue as raceDescriptor
from 
	EdFi.Ods.Entities.NHibernate.QueryModels.StudentAggregate.EdFi.StudentQ comp_aaa
	join comp_aaa.StudentEducationOrganizationAssociations comp_aai
	join comp_aai.StudentEducationOrganizationAssociationRaces comp_aan
		left join comp_aan.RaceDescriptor comp_aao 
where comp_aaa.StudentUSI IN (:BaseEntityId)
order by comp_aaa.StudentUSI,
	comp_aai.EducationOrganizationId,
	comp_aan.RaceDescriptorId