HQL:
select distinct 
	comp_aaa.StaffUSI As __BaseEntityId__,
	comp_aaa.StaffUSI as PK1a_StaffUSI,
	comp_aaa.Id as id,
	comp_aaa.StaffUniqueId as staffUniqueId,
	comp_aaa.PersonalTitlePrefix as personalTitlePrefix,
	comp_aaa.FirstName as firstName,
	comp_aaa.LastSurname as lastSurname,
	comp_aaa.LoginId as loginId,
	comp_aag.Namespace as sexDescriptor__Namespace,
	comp_aag.CodeValue as sexDescriptor,
	comp_aaa.HispanicLatinoEthnicity as hispanicLatinoEthnicity
from 
	EdFi.Ods.Entities.NHibernate.QueryModels.StaffAggregate.EdFi.StaffQ comp_aaa
		left join comp_aaa.SexDescriptor comp_aag 
	join comp_aaa.StaffSectionAssociations comp_aab
	join comp_aab.Section comp_aac
	join comp_aac.CourseOffering comp_aad
	join comp_aad.Session comp_aae
	join comp_aae.School comp_aaf
where comp_aaf.Id = :School_Id
order by comp_aaa.StaffUSI
HQL:
select 
	comp_aaa.StaffUSI As __BaseEntityId__,
	comp_aaa.StaffUSI as PK1a_StaffUSI,
	comp_aah.ElectronicMailAddress as PK2a_ElectronicMailAddress,
	comp_aah.ElectronicMailTypeDescriptorId as PK2a_ElectronicMailTypeDescriptorId,
	comp_aai.Namespace as electronicMailTypeDescriptor__Namespace,
	comp_aai.CodeValue as electronicMailTypeDescriptor,
	comp_aah.ElectronicMailAddress as electronicMailAddress
from 
	EdFi.Ods.Entities.NHibernate.QueryModels.StaffAggregate.EdFi.StaffQ comp_aaa
	join comp_aaa.StaffElectronicMails comp_aah
		left join comp_aah.ElectronicMailTypeDescriptor comp_aai 
where comp_aaa.StaffUSI IN (:BaseEntityId)
order by comp_aaa.StaffUSI,
	comp_aah.ElectronicMailAddress,
	comp_aah.ElectronicMailTypeDescriptorId
HQL:
select 
	comp_aaa.StaffUSI As __BaseEntityId__,
	comp_aaa.StaffUSI as PK1a_StaffUSI,
	comp_aaj.StaffIdentificationSystemDescriptorId as PK2b_StaffIdentificationSystemDescriptorId,
	comp_aak.Namespace as staffIdentificationSystemDescriptor__Namespace,
	comp_aak.CodeValue as staffIdentificationSystemDescriptor,
	comp_aaj.IdentificationCode as identificationCode
from 
	EdFi.Ods.Entities.NHibernate.QueryModels.StaffAggregate.EdFi.StaffQ comp_aaa
	join comp_aaa.StaffIdentificationCodes comp_aaj
		left join comp_aaj.StaffIdentificationSystemDescriptor comp_aak 
where comp_aaa.StaffUSI IN (:BaseEntityId)
order by comp_aaa.StaffUSI,
	comp_aaj.StaffIdentificationSystemDescriptorId
HQL:
select 
	comp_aaa.StaffUSI As __BaseEntityId__,
	comp_aaa.StaffUSI as PK1a_StaffUSI,
	comp_aal.LanguageDescriptorId as PK2c_LanguageDescriptorId,
	comp_aam.Namespace as languageDescriptor__Namespace,
	comp_aam.CodeValue as languageDescriptor
from 
	EdFi.Ods.Entities.NHibernate.QueryModels.StaffAggregate.EdFi.StaffQ comp_aaa
	join comp_aaa.StaffLanguages comp_aal
		left join comp_aal.LanguageDescriptor comp_aam 
where comp_aaa.StaffUSI IN (:BaseEntityId)
order by comp_aaa.StaffUSI,
	comp_aal.LanguageDescriptorId
HQL:
select 
	comp_aaa.StaffUSI As __BaseEntityId__,
	comp_aaa.StaffUSI as PK1a_StaffUSI,
	comp_aan.RaceDescriptorId as PK2d_RaceDescriptorId,
	comp_aao.Namespace as raceDescriptor__Namespace,
	comp_aao.CodeValue as raceDescriptor
from 
	EdFi.Ods.Entities.NHibernate.QueryModels.StaffAggregate.EdFi.StaffQ comp_aaa
	join comp_aaa.StaffRaces comp_aan
		left join comp_aan.RaceDescriptor comp_aao 
where comp_aaa.StaffUSI IN (:BaseEntityId)
order by comp_aaa.StaffUSI,
	comp_aan.RaceDescriptorId
HQL:
select 
	comp_aaa.StaffUSI As __BaseEntityId__,
	comp_aaa.StaffUSI as PK1a_StaffUSI,
	comp_aap.TelephoneNumber as PK2e_TelephoneNumber,
	comp_aap.TelephoneNumberTypeDescriptorId as PK2e_TelephoneNumberTypeDescriptorId,
	comp_aaq.Namespace as telephoneNumberTypeDescriptor__Namespace,
	comp_aaq.CodeValue as telephoneNumberTypeDescriptor,
	comp_aap.OrderOfPriority as orderOfPriority,
	comp_aap.TelephoneNumber as telephoneNumber
from 
	EdFi.Ods.Entities.NHibernate.QueryModels.StaffAggregate.EdFi.StaffQ comp_aaa
	join comp_aaa.StaffTelephones comp_aap
		left join comp_aap.TelephoneNumberTypeDescriptor comp_aaq 
where comp_aaa.StaffUSI IN (:BaseEntityId)
order by comp_aaa.StaffUSI,
	comp_aap.TelephoneNumber,
	comp_aap.TelephoneNumberTypeDescriptorId
HQL:
select 
	comp_aaa.StaffUSI As __BaseEntityId__,
	comp_aaa.StaffUSI as PK1a_StaffUSI,
	comp_aar.BeginDate as PK2f_BeginDate,
	comp_aar.EducationOrganizationId as PK2f_EducationOrganizationId,
	comp_aar.StaffClassificationDescriptorId as PK2f_StaffClassificationDescriptorId,
	comp_aas.Namespace as staffClassificationDescriptor__Namespace,
	comp_aas.CodeValue as staffClassificationDescriptor,
	comp_aat.Discriminator as educationOrganizationType__PassThrough,
	comp_aat.EducationOrganizationId as educationOrganizationId
from 
	EdFi.Ods.Entities.NHibernate.QueryModels.StaffAggregate.EdFi.StaffQ comp_aaa
	join comp_aaa.StaffEducationOrganizationAssignmentAssociations comp_aar
		left join comp_aar.StaffClassificationDescriptor comp_aas 
	join comp_aar.EducationOrganization comp_aat
where comp_aaa.StaffUSI IN (:BaseEntityId)
order by comp_aaa.StaffUSI,
	comp_aar.BeginDate,
	comp_aar.EducationOrganizationId,
	comp_aar.StaffClassificationDescriptorId