HQL:
select distinct 
	comp_aaa.SchoolId As __BaseEntityId__,
	comp_aaa.SchoolId as PK1a_SchoolId,
	comp_aaa.Id as id,
	comp_aaa.SchoolId as schoolId,
	comp_aaa.NameOfInstitution as nameOfInstitution,
	comp_aaa.ShortNameOfInstitution as shortNameOfInstitution,
	comp_aaa.WebSite as webSite,
	comp_aae.Namespace as schoolTypeDescriptor__Namespace,
	comp_aae.CodeValue as schoolTypeDescriptor
from 
	EdFi.Ods.Entities.NHibernate.QueryModels.SchoolAggregate.EdFi.SchoolQ comp_aaa
		left join comp_aaa.SchoolTypeDescriptor comp_aae 
	join comp_aaa.Sections comp_aab
	join comp_aab.StaffSectionAssociations comp_aac
	join comp_aac.Staff comp_aad
where comp_aad.Id = :Staff_Id
order by comp_aaa.SchoolId
HQL:
select 
	comp_aaa.SchoolId As __BaseEntityId__,
	comp_aaa.SchoolId as PK1a_SchoolId,
	comp_aaf.AddressTypeDescriptorId as PK2a_AddressTypeDescriptorId,
	comp_aaf.City as PK2a_City,
	comp_aaf.PostalCode as PK2a_PostalCode,
	comp_aaf.StateAbbreviationDescriptorId as PK2a_StateAbbreviationDescriptorId,
	comp_aaf.StreetNumberName as PK2a_StreetNumberName,
	comp_aag.Namespace as addressTypeDescriptor__Namespace,
	comp_aag.CodeValue as addressTypeDescriptor,
	comp_aaf.StreetNumberName as streetNumberName,
	comp_aaf.City as city,
	comp_aah.Namespace as stateAbbreviationDescriptor__Namespace,
	comp_aah.CodeValue as stateAbbreviationDescriptor,
	comp_aaf.PostalCode as postalCode,
	comp_aaf.NameOfCounty as nameOfCounty
from 
	EdFi.Ods.Entities.NHibernate.QueryModels.SchoolAggregate.EdFi.SchoolQ comp_aaa
	join comp_aaa.EducationOrganizationAddresses comp_aaf
		left join comp_aaf.AddressTypeDescriptor comp_aag 
		left join comp_aaf.StateAbbreviationDescriptor comp_aah 
where comp_aaa.SchoolId IN (:BaseEntityId)
order by comp_aaa.SchoolId,
	comp_aaf.AddressTypeDescriptorId,
	comp_aaf.City,
	comp_aaf.PostalCode,
	comp_aaf.StateAbbreviationDescriptorId,
	comp_aaf.StreetNumberName
HQL:
select 
	comp_aaa.SchoolId As __BaseEntityId__,
	comp_aaa.SchoolId as PK1a_SchoolId,
	comp_aai.EducationOrganizationCategoryDescriptorId as PK2b_EducationOrganizationCategoryDescriptorId,
	comp_aaj.Namespace as category__Namespace,
	comp_aaj.CodeValue as category
from 
	EdFi.Ods.Entities.NHibernate.QueryModels.SchoolAggregate.EdFi.SchoolQ comp_aaa
	join comp_aaa.EducationOrganizationCategories comp_aai
		left join comp_aai.EducationOrganizationCategoryDescriptor comp_aaj 
where comp_aaa.SchoolId IN (:BaseEntityId)
order by comp_aaa.SchoolId,
	comp_aai.EducationOrganizationCategoryDescriptorId
HQL:
select 
	comp_aaa.SchoolId As __BaseEntityId__,
	comp_aaa.SchoolId as PK1a_SchoolId,
	comp_aak.EducationOrganizationIdentificationSystemDescriptorId as PK2c_EducationOrganizationIdentificationSystemDescriptorId,
	comp_aal.Namespace as educationOrganizationIdentificationSystemDescriptor__Namespace,
	comp_aal.CodeValue as educationOrganizationIdentificationSystemDescriptor,
	comp_aak.IdentificationCode as identificationCode
from 
	EdFi.Ods.Entities.NHibernate.QueryModels.SchoolAggregate.EdFi.SchoolQ comp_aaa
	join comp_aaa.EducationOrganizationIdentificationCodes comp_aak
		left join comp_aak.EducationOrganizationIdentificationSystemDescriptor comp_aal 
where comp_aaa.SchoolId IN (:BaseEntityId)
order by comp_aaa.SchoolId,
	comp_aak.EducationOrganizationIdentificationSystemDescriptorId
HQL:
select 
	comp_aaa.SchoolId As __BaseEntityId__,
	comp_aaa.SchoolId as PK1a_SchoolId,
	comp_aam.InstitutionTelephoneNumberTypeDescriptorId as PK2d_InstitutionTelephoneNumberTypeDescriptorId,
	comp_aan.Namespace as institutionTelephoneNumberTypeDescriptor__Namespace,
	comp_aan.CodeValue as institutionTelephoneNumberTypeDescriptor,
	comp_aam.TelephoneNumber as telephoneNumber
from 
	EdFi.Ods.Entities.NHibernate.QueryModels.SchoolAggregate.EdFi.SchoolQ comp_aaa
	join comp_aaa.EducationOrganizationInstitutionTelephones comp_aam
		left join comp_aam.InstitutionTelephoneNumberTypeDescriptor comp_aan 
where comp_aaa.SchoolId IN (:BaseEntityId)
order by comp_aaa.SchoolId,
	comp_aam.InstitutionTelephoneNumberTypeDescriptorId
HQL:
select 
	comp_aaa.SchoolId As __BaseEntityId__,
	comp_aaa.SchoolId as PK1a_SchoolId,
	comp_aao.SchoolCategoryDescriptorId as PK2e_SchoolCategoryDescriptorId,
	comp_aap.Namespace as category__Namespace,
	comp_aap.CodeValue as category
from 
	EdFi.Ods.Entities.NHibernate.QueryModels.SchoolAggregate.EdFi.SchoolQ comp_aaa
	join comp_aaa.SchoolCategories comp_aao
		left join comp_aao.SchoolCategoryDescriptor comp_aap 
where comp_aaa.SchoolId IN (:BaseEntityId)
order by comp_aaa.SchoolId,
	comp_aao.SchoolCategoryDescriptorId
HQL:
select 
	comp_aaa.SchoolId As __BaseEntityId__,
	comp_aaa.SchoolId as PK1a_SchoolId,
	comp_aaq.GradeLevelDescriptorId as PK2f_GradeLevelDescriptorId,
	comp_aar.Namespace as gradeLevelDescriptor__Namespace,
	comp_aar.CodeValue as gradeLevelDescriptor
from 
	EdFi.Ods.Entities.NHibernate.QueryModels.SchoolAggregate.EdFi.SchoolQ comp_aaa
	join comp_aaa.SchoolGradeLevels comp_aaq
		left join comp_aaq.GradeLevelDescriptor comp_aar 
where comp_aaa.SchoolId IN (:BaseEntityId)
order by comp_aaa.SchoolId,
	comp_aaq.GradeLevelDescriptorId
HQL:
select 
	comp_aaa.SchoolId As __BaseEntityId__,
	comp_aaa.SchoolId as PK1a_SchoolId,
	comp_aas.Id as id,
	comp_aas.LocalEducationAgencyId as localEducationAgencyId
from 
	EdFi.Ods.Entities.NHibernate.QueryModels.SchoolAggregate.EdFi.SchoolQ comp_aaa
	join comp_aaa.LocalEducationAgency comp_aas
where comp_aaa.SchoolId IN (:BaseEntityId)
order by comp_aaa.SchoolId