HQL:
select distinct 
	comp_aaa.Id As __BaseEntityId__,
	comp_aaa.LocalCourseCode as PK1a_LocalCourseCode,
	comp_aaa.SchoolId as PK1a_SchoolId,
	comp_aaa.SchoolYear as PK1a_SchoolYear,
	comp_aaa.SectionIdentifier as PK1a_SectionIdentifier,
	comp_aaa.SessionName as PK1a_SessionName,
	comp_aaa.Id as id,
	comp_aaa.SectionIdentifier as sectionIdentifier,
	comp_aaa.SequenceOfCourse as sequenceOfCourse,
	comp_aad.Namespace as educationalEnvironmentDescriptor__Namespace,
	comp_aad.CodeValue as educationalEnvironmentDescriptor,
	comp_aaa.AvailableCredits as availableCredits,
	comp_aag.Namespace as academicSubjectDescriptor__Namespace,
	comp_aag.CodeValue as academicSubjectDescriptor,
	comp_aai.LocalCourseCode as localCourseCode,
	comp_aai.LocalCourseTitle as localCourseTitle
from 
	EdFi.Ods.Entities.NHibernate.QueryModels.SectionAggregate.EdFi.SectionQ comp_aaa
		left join comp_aaa.EducationalEnvironmentDescriptor comp_aad 
	join comp_aaa.CourseOffering comp_aae
	join comp_aae.Course comp_aaf
		left join comp_aaf.AcademicSubjectDescriptor comp_aag 
	join comp_aaa.CourseOffering comp_aah
	join comp_aaa.CourseOffering comp_aai
	join comp_aaa.StaffSectionAssociations comp_aab
	join comp_aab.Staff comp_aac
where comp_aac.Id = :Staff_Id
order by comp_aaa.LocalCourseCode,
	comp_aaa.SchoolId,
	comp_aaa.SchoolYear,
	comp_aaa.SectionIdentifier,
	comp_aaa.SessionName
HQL:
select 
	comp_aaa.Id As __BaseEntityId__,
	comp_aaa.LocalCourseCode as PK1a_LocalCourseCode,
	comp_aaa.SchoolId as PK1a_SchoolId,
	comp_aaa.SchoolYear as PK1a_SchoolYear,
	comp_aaa.SectionIdentifier as PK1a_SectionIdentifier,
	comp_aaa.SessionName as PK1a_SessionName,
	comp_aaj.ClassPeriodName as PK2a_ClassPeriodName,
	comp_aaj.ClassPeriodName as classPeriodName
from 
	EdFi.Ods.Entities.NHibernate.QueryModels.SectionAggregate.EdFi.SectionQ comp_aaa
	join comp_aaa.SectionClassPeriods comp_aaj
where comp_aaa.Id IN (:BaseEntityId)
order by comp_aaa.LocalCourseCode,
	comp_aaa.SchoolId,
	comp_aaa.SchoolYear,
	comp_aaa.SectionIdentifier,
	comp_aaa.SessionName,
	comp_aaj.ClassPeriodName
HQL:
select 
	comp_aaa.Id As __BaseEntityId__,
	comp_aaa.LocalCourseCode as PK1a_LocalCourseCode,
	comp_aaa.SchoolId as PK1a_SchoolId,
	comp_aaa.SchoolYear as PK1a_SchoolYear,
	comp_aaa.SectionIdentifier as PK1a_SectionIdentifier,
	comp_aaa.SessionName as PK1a_SessionName,
	comp_aak.StaffUSI as PK2b_StaffUSI,
	comp_aal.Id as id,
	comp_aal.StaffUniqueId as staffUniqueId
from 
	EdFi.Ods.Entities.NHibernate.QueryModels.SectionAggregate.EdFi.SectionQ comp_aaa
	join comp_aaa.StaffSectionAssociations comp_aak
	join comp_aak.Staff comp_aal
where comp_aaa.Id IN (:BaseEntityId)
order by comp_aaa.LocalCourseCode,
	comp_aaa.SchoolId,
	comp_aaa.SchoolYear,
	comp_aaa.SectionIdentifier,
	comp_aaa.SessionName,
	comp_aak.StaffUSI
HQL:
select 
	comp_aaa.Id As __BaseEntityId__,
	comp_aaa.LocalCourseCode as PK1a_LocalCourseCode,
	comp_aaa.SchoolId as PK1a_SchoolId,
	comp_aaa.SchoolYear as PK1a_SchoolYear,
	comp_aaa.SectionIdentifier as PK1a_SectionIdentifier,
	comp_aaa.SessionName as PK1a_SessionName,
	comp_aan.BeginDate as PK2c_BeginDate,
	comp_aan.StudentUSI as PK2c_StudentUSI,
	comp_aan.BeginDate as enrollmentBeginDate,
	comp_aan.EndDate as enrollmentEndDate,
	comp_aao.Id as id,
	comp_aao.StudentUniqueId as studentUniqueId
from 
	EdFi.Ods.Entities.NHibernate.QueryModels.SectionAggregate.EdFi.SectionQ comp_aaa
	join comp_aaa.StudentSectionAssociations comp_aan
	join comp_aan.Student comp_aao
where comp_aaa.Id IN (:BaseEntityId)
order by comp_aaa.LocalCourseCode,
	comp_aaa.SchoolId,
	comp_aaa.SchoolYear,
	comp_aaa.SectionIdentifier,
	comp_aaa.SessionName,
	comp_aan.BeginDate,
	comp_aan.StudentUSI
HQL:
select 
	comp_aaa.Id As __BaseEntityId__,
	comp_aaa.LocalCourseCode as PK1a_LocalCourseCode,
	comp_aaa.SchoolId as PK1a_SchoolId,
	comp_aaa.SchoolYear as PK1a_SchoolYear,
	comp_aaa.SectionIdentifier as PK1a_SectionIdentifier,
	comp_aaa.SessionName as PK1a_SessionName,
	comp_aat.Id as id,
	comp_aat.SchoolId as schoolId,
	comp_aat.SchoolYear as schoolYear,
	comp_aau.Namespace as termDescriptor__Namespace,
	comp_aau.CodeValue as termDescriptor,
	comp_aat.SessionName as sessionName,
	comp_aat.BeginDate as beginDate,
	comp_aat.EndDate as endDate,
	comp_aat.TotalInstructionalDays as totalInstructionalDays
from 
	EdFi.Ods.Entities.NHibernate.QueryModels.SectionAggregate.EdFi.SectionQ comp_aaa
	join comp_aaa.CourseOffering comp_aaq
	join comp_aaq.Course comp_aar
	join comp_aaa.CourseOffering comp_aas
	join comp_aas.Session comp_aat
		left join comp_aat.TermDescriptor comp_aau 
where comp_aaa.Id IN (:BaseEntityId)
order by comp_aaa.LocalCourseCode,
	comp_aaa.SchoolId,
	comp_aaa.SchoolYear,
	comp_aaa.SectionIdentifier,
	comp_aaa.SessionName
HQL:
select 
	comp_aaa.Id As __BaseEntityId__,
	comp_aaa.LocalCourseCode as PK1a_LocalCourseCode,
	comp_aaa.SchoolId as PK1a_SchoolId,
	comp_aaa.SchoolYear as PK1a_SchoolYear,
	comp_aaa.SectionIdentifier as PK1a_SectionIdentifier,
	comp_aaa.SessionName as PK1a_SessionName,
	comp_aaw.Id as id,
	comp_aaw.SchoolId as schoolId,
	comp_aaw.ClassroomIdentificationCode as classroomIdentificationCode
from 
	EdFi.Ods.Entities.NHibernate.QueryModels.SectionAggregate.EdFi.SectionQ comp_aaa
	join comp_aaa.CourseOffering comp_aaq
	join comp_aaq.Course comp_aar
	join comp_aaa.CourseOffering comp_aas
	join comp_aaa.CourseOffering comp_aav
	join comp_aaa.Location comp_aaw
where comp_aaa.Id IN (:BaseEntityId)
order by comp_aaa.LocalCourseCode,
	comp_aaa.SchoolId,
	comp_aaa.SchoolYear,
	comp_aaa.SectionIdentifier,
	comp_aaa.SessionName