HQL:
select distinct 
	comp_aaa.Id As __BaseEntityId__,
	comp_aaa.AcademicSubjectDescriptorId as PK1a_AcademicSubjectDescriptorId,
	comp_aaa.AssessedGradeLevelDescriptorId as PK1a_AssessedGradeLevelDescriptorId,
	comp_aaa.AssessmentTitle as PK1a_AssessmentTitle,
	comp_aaa.AssessmentVersion as PK1a_AssessmentVersion,
	comp_aaa.Id as id,
	comp_aaa.AssessmentTitle as assessmentTitle,
	comp_aad.Namespace as academicSubjectDescriptor__Namespace,
	comp_aad.CodeValue as academicSubjectDescriptor,
	comp_aae.Namespace as assessedGradeLevelDescriptor__Namespace,
	comp_aae.CodeValue as assessedGradeLevelDescriptor,
	comp_aaa.AssessmentVersion as assessmentVersion,
	comp_aaf.Namespace as assessmentCategoryDescriptor__Namespace,
	comp_aaf.CodeValue as assessmentCategoryDescriptor,
	comp_aaa.AssessmentForm as assessmentForm,
	comp_aag.Namespace as lowestAssessedGradeLevelDescriptor__Namespace,
	comp_aag.CodeValue as lowestAssessedGradeLevelDescriptor,
	comp_aaa.MaxRawScore as maxRawScore,
	comp_aaa.Namespace as namespace,
	comp_aaa.Nomenclature as nomenclature,
	comp_aaa.RevisionDate as revisionDate
from 
	EdFi.Ods.Entities.NHibernate.QueryModels.AssessmentAggregate.EdFi.AssessmentQ comp_aaa
		left join comp_aaa.AcademicSubjectDescriptor comp_aad 
		left join comp_aaa.AssessedGradeLevelDescriptor comp_aae 
		left join comp_aaa.AssessmentCategoryDescriptor comp_aaf 
		left join comp_aaa.LowestAssessedGradeLevelDescriptor comp_aag 
	join comp_aaa.StudentAssessments comp_aab
	join comp_aab.Student comp_aac
where comp_aac.Id = :Student_Id
order by comp_aaa.AcademicSubjectDescriptorId,
	comp_aaa.AssessedGradeLevelDescriptorId,
	comp_aaa.AssessmentTitle,
	comp_aaa.AssessmentVersion
HQL:
select 
	comp_aaa.Id As __BaseEntityId__,
	comp_aaa.AcademicSubjectDescriptorId as PK1a_AcademicSubjectDescriptorId,
	comp_aaa.AssessedGradeLevelDescriptorId as PK1a_AssessedGradeLevelDescriptorId,
	comp_aaa.AssessmentTitle as PK1a_AssessmentTitle,
	comp_aaa.AssessmentVersion as PK1a_AssessmentVersion,
	comp_aah.AssessmentIdentificationSystemDescriptorId as PK2a_AssessmentIdentificationSystemDescriptorId,
	comp_aah.AssigningOrganizationIdentificationCode as assigningOrganizationIdentificationCode,
	comp_aah.IdentificationCode as identificationCode
from 
	EdFi.Ods.Entities.NHibernate.QueryModels.AssessmentAggregate.EdFi.AssessmentQ comp_aaa
	join comp_aaa.AssessmentIdentificationCodes comp_aah
where comp_aaa.Id IN (:BaseEntityId)
order by comp_aaa.AcademicSubjectDescriptorId,
	comp_aaa.AssessedGradeLevelDescriptorId,
	comp_aaa.AssessmentTitle,
	comp_aaa.AssessmentVersion,
	comp_aah.AssessmentIdentificationSystemDescriptorId
HQL:
select 
	comp_aaa.Id As __BaseEntityId__,
	comp_aaa.AcademicSubjectDescriptorId as PK1a_AcademicSubjectDescriptorId,
	comp_aaa.AssessedGradeLevelDescriptorId as PK1a_AssessedGradeLevelDescriptorId,
	comp_aaa.AssessmentTitle as PK1a_AssessmentTitle,
	comp_aaa.AssessmentVersion as PK1a_AssessmentVersion,
	comp_aai.AssessmentReportingMethodDescriptorId as PK2b_AssessmentReportingMethodDescriptorId,
	comp_aai.PerformanceLevelDescriptorId as PK2b_PerformanceLevelDescriptorId,
	comp_aai.MinimumScore as minimumScore,
	comp_aai.MaximumScore as maximumScore,
	comp_aaj.Namespace as resultDatatypeTypeDescriptor__Namespace,
	comp_aaj.CodeValue as resultDatatypeTypeDescriptor
from 
	EdFi.Ods.Entities.NHibernate.QueryModels.AssessmentAggregate.EdFi.AssessmentQ comp_aaa
	join comp_aaa.AssessmentPerformanceLevels comp_aai
		left join comp_aai.ResultDatatypeTypeDescriptor comp_aaj 
where comp_aaa.Id IN (:BaseEntityId)
order by comp_aaa.AcademicSubjectDescriptorId,
	comp_aaa.AssessedGradeLevelDescriptorId,
	comp_aaa.AssessmentTitle,
	comp_aaa.AssessmentVersion,
	comp_aai.AssessmentReportingMethodDescriptorId,
	comp_aai.PerformanceLevelDescriptorId
HQL:
select 
	comp_aaa.Id As __BaseEntityId__,
	comp_aaa.AcademicSubjectDescriptorId as PK1a_AcademicSubjectDescriptorId,
	comp_aaa.AssessedGradeLevelDescriptorId as PK1a_AssessedGradeLevelDescriptorId,
	comp_aaa.AssessmentTitle as PK1a_AssessmentTitle,
	comp_aaa.AssessmentVersion as PK1a_AssessmentVersion,
	comp_aal.Namespace as publicationStatusDescriptor__Namespace,
	comp_aal.CodeValue as publicationStatusDescriptor,
	comp_aak.Title as title,
	comp_aak.Version as version,
	comp_aak.URI as uri,
	comp_aak.PublicationYear as publicationYear
from 
	EdFi.Ods.Entities.NHibernate.QueryModels.AssessmentAggregate.EdFi.AssessmentQ comp_aaa
	join comp_aaa.AssessmentContentStandard comp_aak
		left join comp_aak.PublicationStatusDescriptor comp_aal 
where comp_aaa.Id IN (:BaseEntityId)
order by comp_aaa.AcademicSubjectDescriptorId,
	comp_aaa.AssessedGradeLevelDescriptorId,
	comp_aaa.AssessmentTitle,
	comp_aaa.AssessmentVersion
HQL:
select 
	comp_aaa.Id As __BaseEntityId__,
	comp_aaa.AcademicSubjectDescriptorId as PK1a_AcademicSubjectDescriptorId,
	comp_aaa.AssessedGradeLevelDescriptorId as PK1a_AssessedGradeLevelDescriptorId,
	comp_aaa.AssessmentTitle as PK1a_AssessmentTitle,
	comp_aaa.AssessmentVersion as PK1a_AssessmentVersion,
	comp_aam.Author as PK3a_Author,
	comp_aam.Author as author
from 
	EdFi.Ods.Entities.NHibernate.QueryModels.AssessmentAggregate.EdFi.AssessmentQ comp_aaa
	join comp_aaa.AssessmentContentStandard comp_aak
	join comp_aak.AssessmentContentStandardAuthors comp_aam
where comp_aaa.Id IN (:BaseEntityId)
order by comp_aaa.AcademicSubjectDescriptorId,
	comp_aaa.AssessedGradeLevelDescriptorId,
	comp_aaa.AssessmentTitle,
	comp_aaa.AssessmentVersion,
	comp_aam.Author
HQL:
select 
	comp_aaa.Id As __BaseEntityId__,
	comp_aaa.AcademicSubjectDescriptorId as PK1a_AcademicSubjectDescriptorId,
	comp_aaa.AssessedGradeLevelDescriptorId as PK1a_AssessedGradeLevelDescriptorId,
	comp_aaa.AssessmentTitle as PK1a_AssessmentTitle,
	comp_aaa.AssessmentVersion as PK1a_AssessmentVersion,
	comp_aan.IdentificationCode as PK2d_IdentificationCode,
	comp_aan.ParentIdentificationCode as H_ParentIdentificationCode,
	comp_aan.Id as id,
	comp_aan.IdentificationCode as identificationCode,
	comp_aan.Description as description,
	comp_aan.MaxRawScore as maxRawScore,
	comp_aan.Nomenclature as nomenclature,
	comp_aan.PercentOfAssessment as percentOfAssessment
from 
	EdFi.Ods.Entities.NHibernate.QueryModels.AssessmentAggregate.EdFi.AssessmentQ comp_aaa
	join comp_aaa.ObjectiveAssessmentsHierarchy comp_aan
where comp_aaa.Id IN (:BaseEntityId)
order by comp_aaa.AcademicSubjectDescriptorId,
	comp_aaa.AssessedGradeLevelDescriptorId,
	comp_aaa.AssessmentTitle,
	comp_aaa.AssessmentVersion
HQL:
select 
	comp_aaa.Id As __BaseEntityId__,
	comp_aaa.AcademicSubjectDescriptorId as PK1a_AcademicSubjectDescriptorId,
	comp_aaa.AssessedGradeLevelDescriptorId as PK1a_AssessedGradeLevelDescriptorId,
	comp_aaa.AssessmentTitle as PK1a_AssessmentTitle,
	comp_aaa.AssessmentVersion as PK1a_AssessmentVersion,
	comp_aan.IdentificationCode as PK2d_IdentificationCode,
	comp_aan.ParentIdentificationCode as H_ParentIdentificationCode,
	comp_aao.AssessmentReportingMethodDescriptorId as PK3a_AssessmentReportingMethodDescriptorId,
	comp_aao.PerformanceLevelDescriptorId as PK3a_PerformanceLevelDescriptorId,
	comp_aap.Namespace as performanceLevelDescriptor__Namespace,
	comp_aap.CodeValue as performanceLevelDescriptor,
	comp_aaq.Namespace as assessmentReportingMethodDescriptor__Namespace,
	comp_aaq.CodeValue as assessmentReportingMethodDescriptor,
	comp_aao.MinimumScore as minimumScore,
	comp_aao.MaximumScore as maximumScore,
	comp_aar.Namespace as resultDatatypeTypeDescriptor__Namespace,
	comp_aar.CodeValue as resultDatatypeTypeDescriptor
from 
	EdFi.Ods.Entities.NHibernate.QueryModels.AssessmentAggregate.EdFi.AssessmentQ comp_aaa
	join comp_aaa.ObjectiveAssessmentsHierarchy comp_aan
	join comp_aan.ObjectiveAssessmentPerformanceLevels comp_aao
		left join comp_aao.PerformanceLevelDescriptor comp_aap 
		left join comp_aao.AssessmentReportingMethodDescriptor comp_aaq 
		left join comp_aao.ResultDatatypeTypeDescriptor comp_aar 
where comp_aaa.Id IN (:BaseEntityId)
order by comp_aaa.AcademicSubjectDescriptorId,
	comp_aaa.AssessedGradeLevelDescriptorId,
	comp_aaa.AssessmentTitle,
	comp_aaa.AssessmentVersion,
	comp_aao.AssessmentReportingMethodDescriptorId,
	comp_aao.PerformanceLevelDescriptorId
HQL:
select 
	comp_aaa.Id As __BaseEntityId__,
	comp_aaa.AcademicSubjectDescriptorId as PK1a_AcademicSubjectDescriptorId,
	comp_aaa.AssessedGradeLevelDescriptorId as PK1a_AssessedGradeLevelDescriptorId,
	comp_aaa.AssessmentTitle as PK1a_AssessmentTitle,
	comp_aaa.AssessmentVersion as PK1a_AssessmentVersion,
	comp_aan.IdentificationCode as PK2d_IdentificationCode,
	comp_aan.ParentIdentificationCode as H_ParentIdentificationCode,
	comp_aas.Objective as PK3b_Objective,
	comp_aat.Id as id,
	comp_aat.Objective as objective,
	comp_aau.Namespace as objectiveGradeLevelDescriptor__Namespace,
	comp_aau.CodeValue as objectiveGradeLevelDescriptor,
	comp_aav.Namespace as academicSubjectDescriptor__Namespace,
	comp_aav.CodeValue as academicSubjectDescriptor
from 
	EdFi.Ods.Entities.NHibernate.QueryModels.AssessmentAggregate.EdFi.AssessmentQ comp_aaa
	join comp_aaa.ObjectiveAssessmentsHierarchy comp_aan
	join comp_aan.ObjectiveAssessmentLearningObjectives comp_aas
	join comp_aas.LearningObjective comp_aat
		left join comp_aat.ObjectiveGradeLevelDescriptor comp_aau 
		left join comp_aat.AcademicSubjectDescriptor comp_aav 
where comp_aaa.Id IN (:BaseEntityId)
order by comp_aaa.AcademicSubjectDescriptorId,
	comp_aaa.AssessedGradeLevelDescriptorId,
	comp_aaa.AssessmentTitle,
	comp_aaa.AssessmentVersion,
	comp_aas.Objective
HQL:
select 
	comp_aaa.Id As __BaseEntityId__,
	comp_aaa.AcademicSubjectDescriptorId as PK1a_AcademicSubjectDescriptorId,
	comp_aaa.AssessedGradeLevelDescriptorId as PK1a_AssessedGradeLevelDescriptorId,
	comp_aaa.AssessmentTitle as PK1a_AssessmentTitle,
	comp_aaa.AssessmentVersion as PK1a_AssessmentVersion,
	comp_aan.IdentificationCode as PK2d_IdentificationCode,
	comp_aan.ParentIdentificationCode as H_ParentIdentificationCode,
	comp_aas.Objective as PK3b_Objective,
	comp_aax.LearningStandardId as PK4a_LearningStandardId,
	comp_aay.Id as id,
	comp_aay.LearningStandardId as learningStandardId
from 
	EdFi.Ods.Entities.NHibernate.QueryModels.AssessmentAggregate.EdFi.AssessmentQ comp_aaa
	join comp_aaa.ObjectiveAssessmentsHierarchy comp_aan
	join comp_aan.ObjectiveAssessmentLearningObjectives comp_aas
	join comp_aas.LearningObjective comp_aaw
	join comp_aaw.LearningObjectiveLearningStandards comp_aax
	join comp_aax.LearningStandard comp_aay
where comp_aaa.Id IN (:BaseEntityId)
order by comp_aaa.AcademicSubjectDescriptorId,
	comp_aaa.AssessedGradeLevelDescriptorId,
	comp_aaa.AssessmentTitle,
	comp_aaa.AssessmentVersion,
	comp_aas.Objective,
	comp_aax.LearningStandardId
HQL:
select 
	comp_aaa.Id As __BaseEntityId__,
	comp_aaa.AcademicSubjectDescriptorId as PK1a_AcademicSubjectDescriptorId,
	comp_aaa.AssessedGradeLevelDescriptorId as PK1a_AssessedGradeLevelDescriptorId,
	comp_aaa.AssessmentTitle as PK1a_AssessmentTitle,
	comp_aaa.AssessmentVersion as PK1a_AssessmentVersion,
	comp_aan.IdentificationCode as PK2d_IdentificationCode,
	comp_aan.ParentIdentificationCode as H_ParentIdentificationCode,
	comp_aba.LearningStandardId as PK3c_LearningStandardId,
	comp_abb.Id as id,
	comp_abb.LearningStandardId as learningStandardId
from 
	EdFi.Ods.Entities.NHibernate.QueryModels.AssessmentAggregate.EdFi.AssessmentQ comp_aaa
	join comp_aaa.ObjectiveAssessmentsHierarchy comp_aan
	join comp_aan.ObjectiveAssessmentLearningStandards comp_aba
	join comp_aba.LearningStandard comp_abb
where comp_aaa.Id IN (:BaseEntityId)
order by comp_aaa.AcademicSubjectDescriptorId,
	comp_aaa.AssessedGradeLevelDescriptorId,
	comp_aaa.AssessmentTitle,
	comp_aaa.AssessmentVersion,
	comp_aba.LearningStandardId