HQL:
select distinct 
	comp_aaa.Id As __BaseEntityId__,
	comp_aaa.AcademicSubjectDescriptorId as PK1a_AcademicSubjectDescriptorId,
	comp_aaa.AssessedGradeLevelDescriptorId as PK1a_AssessedGradeLevelDescriptorId,
	comp_aaa.AssessmentTitle as PK1a_AssessmentTitle,
	comp_aaa.AssessmentVersion as PK1a_AssessmentVersion,
	comp_aaa.Id as id,
	comp_aaa.AssessmentTitle as assessmentTitle,
	comp_aad.Namespace as academicSubjectDescriptor__Namespace,
	comp_aad.CodeValue as academicSubjectDescriptor,
	comp_aae.Namespace as assessedGradeLevelDescriptor__Namespace,
	comp_aae.CodeValue as assessedGradeLevelDescriptor,
	comp_aaa.AssessmentVersion as assessmentVersion,
	comp_aaf.Namespace as assessmentCategoryDescriptor__Namespace,
	comp_aaf.CodeValue as assessmentCategoryDescriptor,
	comp_aaa.AssessmentForm as assessmentForm,
	comp_aag.Namespace as lowestAssessedGradeLevelDescriptor__Namespace,
	comp_aag.CodeValue as lowestAssessedGradeLevelDescriptor,
	comp_aaa.MaxRawScore as maxRawScore,
	comp_aaa.Namespace as namespace,
	comp_aaa.Nomenclature as nomenclature,
	comp_aaa.RevisionDate as revisionDate
from 
	EdFi.Ods.Entities.NHibernate.QueryModels.AssessmentAggregate.EdFi.AssessmentQ comp_aaa
		left join comp_aaa.AcademicSubjectDescriptor comp_aad 
		left join comp_aaa.AssessedGradeLevelDescriptor comp_aae 
		left join comp_aaa.AssessmentCategoryDescriptor comp_aaf 
		left join comp_aaa.LowestAssessedGradeLevelDescriptor comp_aag 
	join comp_aaa.AssessmentSections comp_aab
	join comp_aab.Section comp_aac
where comp_aac.Id = :Section_Id
order by comp_aaa.AcademicSubjectDescriptorId,
	comp_aaa.AssessedGradeLevelDescriptorId,
	comp_aaa.AssessmentTitle,
	comp_aaa.AssessmentVersion